<html>
<body>
<pre>
<h1>�Vision Build Log</h1>
<h2>Tool Versions:</h2>
IDE-Version: ��Vision V5.38.0.0
Copyright (C) 2022 ARM Ltd and ARM Germany GmbH. All rights reserved.
License Information: ss 602320162@qq.com, ss, LIC=ATTQ1-CRF71-UH68H-W1BKM-DIAF9-X85GK
 
Tool Versions:
Toolchain:       MDK-ARM Plus  Version: 5.38.0.0
Toolchain Path:  C:\Keil_v5\ARM\ARMCC\Bin
C Compiler:      Armcc.exe V5.06 update 6 (build 750)
Assembler:       Armasm.exe V5.06 update 6 (build 750)
Linker/Locator:  ArmLink.exe V5.06 update 6 (build 750)
Library Manager: ArmAr.exe V5.06 update 6 (build 750)
Hex Converter:   FromElf.exe V5.06 update 6 (build 750)
CPU DLL:         SARMCM3.DLL V5.38.0.0
Dialog DLL:      DCM.DLL V1.17.5.0
Target DLL:      STLink\ST-LINKIII-KEIL_SWO.dll V3.1.0.0
Dialog DLL:      TCM.DLL V1.56.4.0
 
<h2>Project:</h2>
C:\Users\60232\Desktop\R9V1.0\R9_407_V0.1\Projects\MDK-ARM\R9V1.uvprojx
Project File Date:  04/29/2024

<h2>Output:</h2>
*** Using Compiler 'V5.06 update 6 (build 750)', folder: 'C:\Keil_v5\ARM\ARMCC\Bin'
Build target 'R9V1'
compiling WheelSpeedMap.c...
..\..\Drivers\BSP\R9\WheelSpeedMap.c(271): warning:  #1035-D: single-precision operand implicitly converted to double-precision
  	 power=(0.0-spta->flexible)*power;
..\..\Drivers\BSP\R9\WheelSpeedMap.c: 1 warning, 0 errors
compiling underpanControl.c...
compiling API_Schedule.c...
..\..\Drivers\./BSP/R9/moterdriver.h(68): warning:  #9-D: nested comment is not allowed
  /* // /*********************************底盘电机驱动输出 �? 推杆电机 驱动输出  *************************************/
..\..\Drivers\./BSP/R9/mlx90393.h(135): warning:  #1-D: last line of file ends without a newline
  #endif
..\..\Drivers\BSP\API_Schedule.c: 2 warnings, 0 errors
compiling main.c...
..\..\Drivers\./BSP/R9/moterdriver.h(68): warning:  #9-D: nested comment is not allowed
  /* // /*********************************底盘电机驱动输出 �? 推杆电机 驱动输出  *************************************/
..\..\Drivers\./BSP/R9/mlx90393.h(135): warning:  #1-D: last line of file ends without a newline
  #endif
..\..\User\main.c: 2 warnings, 0 errors
compiling task.c...
..\..\Drivers\./BSP/R9/moterdriver.h(68): warning:  #9-D: nested comment is not allowed
  /* // /*********************************底盘电机驱动输出 �? 推杆电机 驱动输出  *************************************/
..\..\Drivers\./BSP/R9/mlx90393.h(135): warning:  #1-D: last line of file ends without a newline
  #endif
..\..\Drivers\BSP\task.c(322): warning:  #550-D: variable "mlx_xdata"  was set but never used
  	int32_t mlx_xdata,mlx_ydata;
..\..\Drivers\BSP\task.c(322): warning:  #550-D: variable "mlx_ydata"  was set but never used
  	int32_t mlx_xdata,mlx_ydata;
..\..\Drivers\BSP\task.c(331): warning:  #1-D: last line of file ends without a newline
  	
..\..\Drivers\BSP\task.c: 5 warnings, 0 errors
linking...
Program Size: Code=50128 RO-data=4912 RW-data=336 ZI-data=13880  
FromELF: creating hex file...
"..\..\Output\atk_f407.axf" - 0 Error(s), 10 Warning(s).

<h2>Software Packages used:</h2>

Package Vendor: Keil
                https://www.keil.com/pack/Keil.STM32F4xx_DFP.2.17.1.pack
                Keil.STM32F4xx_DFP.2.17.1
                STMicroelectronics STM32F4 Series Device Support, Drivers and Examples

<h2>Collection of Component include folders:</h2>
  C:/Users/60232/AppData/Local/Arm/Packs/Keil/STM32F4xx_DFP/2.17.1/Drivers/CMSIS/Device/ST/STM32F4xx/Include

<h2>Collection of Component Files used:</h2>
Build Time Elapsed:  00:00:11
</pre>
</body>
</html>
