<html>
<body>
<pre>
<h1>�Vision Build Log</h1>
<h2>Tool Versions:</h2>
IDE-Version: ��Vision V5.38.0.0
Copyright (C) 2022 ARM Ltd and ARM Germany GmbH. All rights reserved.
License Information: ss 602320162@qq.com, ss, LIC=ATTQ1-CRF71-UH68H-W1BKM-DIAF9-X85GK
 
Tool Versions:
Toolchain:       MDK-ARM Plus  Version: 5.38.0.0
Toolchain Path:  C:\Keil_v5\ARM\ARMCC\Bin
C Compiler:      Armcc.exe V5.06 update 6 (build 750)
Assembler:       Armasm.exe V5.06 update 6 (build 750)
Linker/Locator:  ArmLink.exe V5.06 update 6 (build 750)
Library Manager: ArmAr.exe V5.06 update 6 (build 750)
Hex Converter:   FromElf.exe V5.06 update 6 (build 750)
CPU DLL:         SARMCM3.DLL V5.38.0.0
Dialog DLL:      DCM.DLL V1.17.5.0
Target DLL:      STLink\ST-LINKIII-KEIL_SWO.dll V3.1.0.0
Dialog DLL:      TCM.DLL V1.56.4.0
 
<h2>Project:</h2>
C:\Users\60232\Desktop\R9V1.0\Projects\MDK-ARM\R9V1.uvprojx
Project File Date:  03/20/2024

<h2>Output:</h2>
*** Using Compiler 'V5.06 update 6 (build 750)', folder: 'C:\Keil_v5\ARM\ARMCC\Bin'
Build target 'R9V1'
compiling task.c...
..\..\Drivers\./BSP/R9/underpanControl.h(64): warning:  #1295-D: Deprecated declaration velocity_plan - give arg types
  void velocity_plan();	
..\..\Drivers\./BSP/R9/moterdriver.h(68): warning:  #9-D: nested comment is not allowed
  /* // /*********************************底盘电机驱动输出 �? 推杆电机 驱动输出  *************************************/
..\..\Drivers\./BSP/task.h(48): warning:  #1-D: last line of file ends without a newline
  //	 { 0,       500,            0,                      Beep_run}
..\..\Drivers\BSP\task.c(291): warning:  #1-D: last line of file ends without a newline
  }
..\..\Drivers\BSP\task.c: 4 warnings, 0 errors
compiling API_Schedule.c...
..\..\Drivers\./BSP/R9/underpanControl.h(64): warning:  #1295-D: Deprecated declaration velocity_plan - give arg types
  void velocity_plan();	
..\..\Drivers\./BSP/R9/moterdriver.h(68): warning:  #9-D: nested comment is not allowed
  /* // /*********************************底盘电机驱动输出 �? 推杆电机 驱动输出  *************************************/
..\..\Drivers\./BSP/task.h(48): warning:  #1-D: last line of file ends without a newline
  //	 { 0,       500,            0,                      Beep_run}
..\..\Drivers\BSP\API_Schedule.c: 3 warnings, 0 errors
compiling rs485.c...
compiling main.c...
..\..\Drivers\./BSP/R9/underpanControl.h(64): warning:  #1295-D: Deprecated declaration velocity_plan - give arg types
  void velocity_plan();	
..\..\Drivers\./BSP/R9/moterdriver.h(68): warning:  #9-D: nested comment is not allowed
  /* // /*********************************底盘电机驱动输出 �? 推杆电机 驱动输出  *************************************/
..\..\Drivers\./BSP/task.h(48): warning:  #1-D: last line of file ends without a newline
  //	 { 0,       500,            0,                      Beep_run}
..\..\User\main.c: 3 warnings, 0 errors
linking...
Program Size: Code=39956 RO-data=3924 RW-data=252 ZI-data=2884  
FromELF: creating hex file...
"..\..\Output\atk_f407.axf" - 0 Error(s), 10 Warning(s).

<h2>Software Packages used:</h2>

Package Vendor: Keil
                https://www.keil.com/pack/Keil.STM32F4xx_DFP.2.17.1.pack
                Keil.STM32F4xx_DFP.2.17.1
                STMicroelectronics STM32F4 Series Device Support, Drivers and Examples

<h2>Collection of Component include folders:</h2>
  C:/Users/60232/AppData/Local/Arm/Packs/Keil/STM32F4xx_DFP/2.17.1/Drivers/CMSIS/Device/ST/STM32F4xx/Include

<h2>Collection of Component Files used:</h2>
Build Time Elapsed:  00:00:10
</pre>
</body>
</html>
