Component: ARM Compiler 5.06 update 6 (build 750) Tool: armlink [4d35ed]

==============================================================================

Section Cross References

    startup_stm32f407xx.o(RESET) refers to startup_stm32f407xx.o(STACK) for __initial_sp
    startup_stm32f407xx.o(RESET) refers to startup_stm32f407xx.o(.text) for Reset_Handler
    startup_stm32f407xx.o(RESET) refers to stm32f4xx_it.o(i.NMI_Handler) for NMI_Handler
    startup_stm32f407xx.o(RESET) refers to stm32f4xx_it.o(i.HardFault_Handler) for HardFault_Handler
    startup_stm32f407xx.o(RESET) refers to stm32f4xx_it.o(i.MemManage_Handler) for MemManage_Handler
    startup_stm32f407xx.o(RESET) refers to stm32f4xx_it.o(i.BusFault_Handler) for BusFault_Handler
    startup_stm32f407xx.o(RESET) refers to stm32f4xx_it.o(i.UsageFault_Handler) for UsageFault_Handler
    startup_stm32f407xx.o(RESET) refers to stm32f4xx_it.o(i.SVC_Handler) for SVC_Handler
    startup_stm32f407xx.o(RESET) refers to stm32f4xx_it.o(i.DebugMon_Handler) for DebugMon_Handler
    startup_stm32f407xx.o(RESET) refers to stm32f4xx_it.o(i.PendSV_Handler) for PendSV_Handler
    startup_stm32f407xx.o(RESET) refers to stm32f4xx_it.o(i.SysTick_Handler) for SysTick_Handler
    startup_stm32f407xx.o(RESET) refers to hallcap.o(i.TIM3_IRQHandler) for TIM3_IRQHandler
    startup_stm32f407xx.o(RESET) refers to usart.o(i.USART1_IRQHandler) for USART1_IRQHandler
    startup_stm32f407xx.o(RESET) refers to btim.o(i.TIM6_DAC_IRQHandler) for TIM6_DAC_IRQHandler
    startup_stm32f407xx.o(RESET) refers to adc.o(i.DMA2_Stream1_IRQHandler) for DMA2_Stream1_IRQHandler
    startup_stm32f407xx.o(RESET) refers to adc.o(i.DMA2_Stream4_IRQHandler) for DMA2_Stream4_IRQHandler
    startup_stm32f407xx.o(.text) refers to system_stm32f4xx.o(i.SystemInit) for SystemInit
    startup_stm32f407xx.o(.text) refers to entry.o(.ARM.Collect$$$$00000000) for __main
    main.o(i.main) refers to task.o(i.Hard_devInit) for Hard_devInit
    main.o(i.main) refers to api_schedule.o(i.PeachOSRun) for PeachOSRun
    stm32f4xx_it.o(i.SysTick_Handler) refers to stm32f4xx_hal.o(i.HAL_IncTick) for HAL_IncTick
    system_stm32f4xx.o(i.SystemCoreClockUpdate) refers to system_stm32f4xx.o(.data) for SystemCoreClock
    system_stm32f4xx.o(i.SystemCoreClockUpdate) refers to system_stm32f4xx.o(.constdata) for AHBPrescTable
    delay.o(i.HAL_Delay) refers to delay.o(i.delay_ms) for delay_ms
    delay.o(i.delay_init) refers to delay.o(.data) for g_fac_us
    delay.o(i.delay_ms) refers to delay.o(i.delay_us) for delay_us
    delay.o(i.delay_us) refers to delay.o(.data) for g_fac_us
    sys.o(i.sys_stm32_clock_init) refers to memseta.o(.text) for __aeabi_memclr4
    sys.o(i.sys_stm32_clock_init) refers to stm32f4xx_hal_rcc.o(i.HAL_RCC_OscConfig) for HAL_RCC_OscConfig
    sys.o(i.sys_stm32_clock_init) refers to stm32f4xx_hal_rcc.o(i.HAL_RCC_ClockConfig) for HAL_RCC_ClockConfig
    sys.o(i.sys_stm32_clock_init) refers to stm32f4xx_hal.o(i.HAL_GetREVID) for HAL_GetREVID
    usart.o(i.HAL_UART_MspInit) refers to stm32f4xx_hal_gpio.o(i.HAL_GPIO_Init) for HAL_GPIO_Init
    usart.o(i.HAL_UART_MspInit) refers to stm32f4xx_hal_cortex.o(i.HAL_NVIC_EnableIRQ) for HAL_NVIC_EnableIRQ
    usart.o(i.HAL_UART_MspInit) refers to stm32f4xx_hal_cortex.o(i.HAL_NVIC_SetPriority) for HAL_NVIC_SetPriority
    usart.o(i.HAL_UART_RxCpltCallback) refers to stm32f4xx_hal_uart.o(i.HAL_UART_Receive_IT) for HAL_UART_Receive_IT
    usart.o(i.HAL_UART_RxCpltCallback) refers to usart.o(.data) for g_usart_rx_sta
    usart.o(i.HAL_UART_RxCpltCallback) refers to usart.o(.bss) for g_usart_rx_buf
    usart.o(i.USART1_IRQHandler) refers to stm32f4xx_hal_uart.o(i.HAL_UART_IRQHandler) for HAL_UART_IRQHandler
    usart.o(i.USART1_IRQHandler) refers to usart.o(.bss) for g_uart1_handle
    usart.o(i.usart_init) refers to stm32f4xx_hal_uart.o(i.HAL_UART_Init) for HAL_UART_Init
    usart.o(i.usart_init) refers to stm32f4xx_hal_uart.o(i.HAL_UART_Receive_IT) for HAL_UART_Receive_IT
    usart.o(i.usart_init) refers to usart.o(.bss) for g_uart1_handle
    usart.o(i.usart_init) refers to usart.o(.data) for g_rx_buffer
    beep.o(i.beep_init) refers to stm32f4xx_hal_gpio.o(i.HAL_GPIO_Init) for HAL_GPIO_Init
    beep.o(i.beep_init) refers to stm32f4xx_hal_gpio.o(i.HAL_GPIO_WritePin) for HAL_GPIO_WritePin
    key.o(i.key_init) refers to stm32f4xx_hal_gpio.o(i.HAL_GPIO_Init) for HAL_GPIO_Init
    key.o(i.key_scan1) refers to stm32f4xx_hal_gpio.o(i.HAL_GPIO_ReadPin) for HAL_GPIO_ReadPin
    key.o(i.key_scan1) refers to delay.o(i.delay_ms) for delay_ms
    key.o(i.key_scan10) refers to stm32f4xx_hal_gpio.o(i.HAL_GPIO_ReadPin) for HAL_GPIO_ReadPin
    key.o(i.key_scan10) refers to delay.o(i.delay_ms) for delay_ms
    key.o(i.key_scan11) refers to stm32f4xx_hal_gpio.o(i.HAL_GPIO_ReadPin) for HAL_GPIO_ReadPin
    key.o(i.key_scan11) refers to delay.o(i.delay_ms) for delay_ms
    key.o(i.key_scan2) refers to stm32f4xx_hal_gpio.o(i.HAL_GPIO_ReadPin) for HAL_GPIO_ReadPin
[...]
    i.sys_stm32_clock_init                   0x08008794   Section        0  sys.o(i.sys_stm32_clock_init)
    i.tcurrentpro_init                       0x08008870   Section        0  overcurrent_protection.o(i.tcurrentpro_init)
    i.usart_init                             0x080088c8   Section        0  usart.o(i.usart_init)
    i.velocity_plan                          0x08008900   Section        0  underpancontrol.o(i.velocity_plan)
    .constdata                               0x08009988   Section       24  system_stm32f4xx.o(.constdata)
    .constdata                               0x080099a0   Section       80  inv_mpu.o(.constdata)
    .constdata                               0x080099f0   Section     3062  inv_mpu_dmp_motion_driver.o(.constdata)
    dmp_memory                               0x080099f0   Data        3062  inv_mpu_dmp_motion_driver.o(.constdata)
    .constdata                               0x0800a5e6   Section        8  stm32f4xx_hal_dma.o(.constdata)
    flagBitshiftOffset                       0x0800a5e6   Data           8  stm32f4xx_hal_dma.o(.constdata)
    .constdata                               0x0800a5f0   Section       80  asin.o(.constdata)
    pS                                       0x0800a5f0   Data          48  asin.o(.constdata)
    qS                                       0x0800a620   Data          32  asin.o(.constdata)
    .constdata                               0x0800a640   Section      152  atan.o(.constdata)
    atanhi                                   0x0800a640   Data          32  atan.o(.constdata)
    atanlo                                   0x0800a660   Data          32  atan.o(.constdata)
    aTodd                                    0x0800a680   Data          40  atan.o(.constdata)
    aTeven                                   0x0800a6a8   Data          48  atan.o(.constdata)
    .constdata                               0x0800a6d8   Section        8  qnan.o(.constdata)
    .conststring                             0x0800a6e0   Section       77  inv_mpu.o(.conststring)
    .data                                    0x20000000   Section        4  system_stm32f4xx.o(.data)
    .data                                    0x20000004   Section        4  delay.o(.data)
    g_fac_us                                 0x20000004   Data           4  delay.o(.data)
    .data                                    0x20000008   Section        7  usart.o(.data)
    .data                                    0x20000010   Section        8  led.o(.data)
    KEY0_PRES_contes                         0x20000012   Data           2  led.o(.data)
    KEY1_PRES_contes                         0x20000014   Data           2  led.o(.data)
    KEY2_PRES_contes                         0x20000016   Data           2  led.o(.data)
    .data                                    0x20000018   Section        2  adc.o(.data)
    .data                                    0x2000001a   Section        2  underpancontrol.o(.data)
    .data                                    0x2000001c   Section       73  api_schedule.o(.data)
    .data                                    0x20000068   Section       28  task.o(.data)
    .data                                    0x20000084   Section       13  common.o(.data)
    out_last                                 0x20000084   Data           4  common.o(.data)
    fisrt_flag                               0x20000088   Data           1  common.o(.data)
    out_last                                 0x2000008c   Data           4  common.o(.data)
    fisrt_flag                               0x20000090   Data           1  common.o(.data)
    .data                                    0x20000094   Section        4  hallcap.o(.data)
    .data                                    0x20000098   Section       53  inv_mpu.o(.data)
    st                                       0x20000098   Data          44  inv_mpu.o(.data)
    gyro_orientation                         0x200000c4   Data           9  inv_mpu.o(.data)
    .data                                    0x200000d0   Section        9  stm32f4xx_hal.o(.data)
    .data                                    0x200000dc   Section        4  errno.o(.data)
    _errno                                   0x200000dc   Data           4  errno.o(.data)
    .bss                                     0x200000e0   Section      268  usart.o(.bss)
    .bss                                     0x200001ec   Section      336  adc.o(.bss)
    .bss                                     0x20000340   Section      112  underpancontrol.o(.bss)
    .bss                                     0x200003b0   Section      432  moterdriver.o(.bss)
    .bss                                     0x20000560   Section       72  btim.o(.bss)
    .bss                                     0x200005a8   Section       16  task.o(.bss)
    .bss                                     0x200005b8   Section       72  hallcap.o(.bss)
    .bss                                     0x20000600   Section      464  getadcdata.o(.bss)
    .bss                                     0x200007d0   Section       16  inv_mpu_dmp_motion_driver.o(.bss)
    dmp                                      0x200007d0   Data          16  inv_mpu_dmp_motion_driver.o(.bss)
    STACK                                    0x200007e0   Section     1024  startup_stm32f407xx.o(STACK)

    Global Symbols

    Symbol Name                              Value     Ov Type        Size  Object(Section)

    BuildAttributes$$THM_ISAv4$E$P$D$K$B$S$7EM$VFPi3$EXTD16$VFPS$VFMA$PE$A:L22UL41UL21$X:L11$S22US41US21$IEEE1$IW$USESV6$~STKCKD$USESV7$~SHL$OTIME$ROPI$IEEEX$EBA8$MICROLIB$REQ8$PRES8$EABIv2 0x00000000   Number         0  anon$$obj.o ABSOLUTE
    __ARM_use_no_argv                        0x00000000   Number         0  main.o ABSOLUTE
    __use_no_errno                           0x00000000   Number         0  useno.o ABSOLUTE
    __use_no_exception_handling              0x00000000   Number         0  useno.o ABSOLUTE
    __use_no_fp                              0x00000000   Number         0  useno.o ABSOLUTE
    __use_no_heap                            0x00000000   Number         0  useno.o ABSOLUTE
    __use_no_heap_region                     0x00000000   Number         0  useno.o ABSOLUTE
    __use_no_semihosting                     0x00000000   Number         0  useno.o ABSOLUTE
    __use_no_semihosting_swi                 0x00000000   Number         0  useno.o ABSOLUTE
    __use_no_signal_handling                 0x00000000   Number         0  useno.o ABSOLUTE
    _printf_a                                0x00000000   Number         0  stubs.o ABSOLUTE
    _printf_c                                0x00000000   Number         0  stubs.o ABSOLUTE
    _printf_charcount                        0x00000000   Number         0  stubs.o ABSOLUTE
    _printf_d                                0x00000000   Number         0  stubs.o ABSOLUTE
    _printf_e                                0x00000000   Number         0  stubs.o ABSOLUTE
    _printf_f                                0x00000000   Number         0  stubs.o ABSOLUTE
    _printf_flags                            0x00000000   Number         0  stubs.o ABSOLUTE
    _printf_fp_dec                           0x00000000   Number         0  stubs.o ABSOLUTE
    _printf_fp_hex                           0x00000000   Number         0  stubs.o ABSOLUTE
    _printf_g                                0x00000000   Number         0  stubs.o ABSOLUTE
    _printf_i                                0x00000000   Number         0  stubs.o ABSOLUTE
    _printf_int_dec                          0x00000000   Number         0  stubs.o ABSOLUTE
    _printf_l                                0x00000000   Number         0  stubs.o ABSOLUTE
    _printf_lc                               0x00000000   Number         0  stubs.o ABSOLUTE
    _printf_ll                               0x00000000   Number         0  stubs.o ABSOLUTE
    _printf_lld                              0x00000000   Number         0  stubs.o ABSOLUTE
    _printf_lli                              0x00000000   Number         0  stubs.o ABSOLUTE
    _printf_llo                              0x00000000   Number         0  stubs.o ABSOLUTE
    _printf_llu                              0x00000000   Number         0  stubs.o ABSOLUTE
    _printf_llx                              0x00000000   Number         0  stubs.o ABSOLUTE
    _printf_longlong_dec                     0x00000000   Number         0  stubs.o ABSOLUTE
    _printf_longlong_hex                     0x00000000   Number         0  stubs.o ABSOLUTE
    _printf_longlong_oct                     0x00000000   Number         0  stubs.o ABSOLUTE
    _printf_ls                               0x00000000   Number         0  stubs.o ABSOLUTE
    _printf_mbtowc                           0x00000000   Number         0  stubs.o ABSOLUTE
    _printf_n                                0x00000000   Number         0  stubs.o ABSOLUTE
    _printf_o                                0x00000000   Number         0  stubs.o ABSOLUTE
    _printf_p                                0x00000000   Number         0  stubs.o ABSOLUTE
    _printf_percent                          0x00000000   Number         0  stubs.o ABSOLUTE
    _printf_pre_padding                      0x00000000   Number         0  stubs.o ABSOLUTE
    _printf_return_value                     0x00000000   Number         0  stubs.o ABSOLUTE
    _printf_s                                0x00000000   Number         0  stubs.o ABSOLUTE
    _printf_sizespec                         0x00000000   Number         0  stubs.o ABSOLUTE
    _printf_str                              0x00000000   Number         0  stubs.o ABSOLUTE
    _printf_truncate_signed                  0x00000000   Number         0  stubs.o ABSOLUTE
    _printf_truncate_unsigned                0x00000000   Number         0  stubs.o ABSOLUTE
    _printf_u                                0x00000000   Number         0  stubs.o ABSOLUTE
    _printf_wc                               0x00000000   Number         0  stubs.o ABSOLUTE
    _printf_wctomb                           0x00000000   Number         0  stubs.o ABSOLUTE
    _printf_widthprec                        0x00000000   Number         0  stubs.o ABSOLUTE
    _printf_x                                0x00000000   Number         0  stubs.o ABSOLUTE
    __cpp_initialize__aeabi_                  - Undefined Weak Reference
    __cxa_finalize                            - Undefined Weak Reference
    __decompress                              - Undefined Weak Reference
    _clock_init                               - Undefined Weak Reference
    _microlib_exit                            - Undefined Weak Reference
    __Vectors_Size                           0x00000188   Number         0  startup_stm32f407xx.o ABSOLUTE
    __Vectors                                0x08000000   Data           4  startup_stm32f407xx.o(RESET)
    __Vectors_End                            0x08000188   Data           0  startup_stm32f407xx.o(RESET)
    __main                                   0x08000189   Thumb Code     0  entry.o(.ARM.Collect$$$$00000000)
    _main_stk                                0x08000189   Thumb Code     0  entry2.o(.ARM.Collect$$$$00000001)
    _main_scatterload                        0x0800018d   Thumb Code     0  entry5.o(.ARM.Collect$$$$00000004)
    __main_after_scatterload                 0x08000191   Thumb Code     0  entry5.o(.ARM.Collect$$$$00000004)
    _main_clock                              0x08000191   Thumb Code     0  entry7b.o(.ARM.Collect$$$$00000008)
    _main_cpp_init                           0x08000191   Thumb Code     0  entry8b.o(.ARM.Collect$$$$0000000A)
    _main_init                               0x08000191   Thumb Code     0  entry9a.o(.ARM.Collect$$$$0000000B)
    __rt_final_cpp                           0x08000199   Thumb Code     0  entry10a.o(.ARM.Collect$$$$0000000D)
    __rt_final_exit                          0x08000199   Thumb Code     0  entry11a.o(.ARM.Collect$$$$0000000F)
    Reset_Handler                            0x0800019d   Thumb Code     8  startup_stm32f407xx.o(.text)
    ADC_IRQHandler                           0x080001b7   Thumb Code     0  startup_stm32f407xx.o(.text)
    CAN1_RX0_IRQHandler                      0x080001b7   Thumb Code     0  startup_stm32f407xx.o(.text)
    CAN1_RX1_IRQHandler                      0x080001b7   Thumb Code     0  startup_stm32f407xx.o(.text)
    CAN1_SCE_IRQHandler                      0x080001b7   Thumb Code     0  startup_stm32f407xx.o(.text)
    CAN1_TX_IRQHandler                       0x080001b7   Thumb Code     0  startup_stm32f407xx.o(.text)
    CAN2_RX0_IRQHandler                      0x080001b7   Thumb Code     0  startup_stm32f407xx.o(.text)
    CAN2_RX1_IRQHandler                      0x080001b7   Thumb Code     0  startup_stm32f407xx.o(.text)
    CAN2_SCE_IRQHandler                      0x080001b7   Thumb Code     0  startup_stm32f407xx.o(.text)
    CAN2_TX_IRQHandler                       0x080001b7   Thumb Code     0  startup_stm32f407xx.o(.text)
    DCMI_IRQHandler                          0x080001b7   Thumb Code     0  startup_stm32f407xx.o(.text)
    DMA1_Stream0_IRQHandler                  0x080001b7   Thumb Code     0  startup_stm32f407xx.o(.text)
    DMA1_Stream1_IRQHandler                  0x080001b7   Thumb Code     0  startup_stm32f407xx.o(.text)
    DMA1_Stream2_IRQHandler                  0x080001b7   Thumb Code     0  startup_stm32f407xx.o(.text)
    DMA1_Stream3_IRQHandler                  0x080001b7   Thumb Code     0  startup_stm32f407xx.o(.text)
    DMA1_Stream4_IRQHandler                  0x080001b7   Thumb Code     0  startup_stm32f407xx.o(.text)
    DMA1_Stream5_IRQHandler                  0x080001b7   Thumb Code     0  startup_stm32f407xx.o(.text)
    DMA1_Stream6_IRQHandler                  0x080001b7   Thumb Code     0  startup_stm32f407xx.o(.text)
    DMA1_Stream7_IRQHandler                  0x080001b7   Thumb Code     0  startup_stm32f407xx.o(.text)
    DMA2_Stream0_IRQHandler                  0x080001b7   Thumb Code     0  startup_stm32f407xx.o(.text)
    DMA2_Stream2_IRQHandler                  0x080001b7   Thumb Code     0  startup_stm32f407xx.o(.text)
    DMA2_Stream3_IRQHandler                  0x080001b7   Thumb Code     0  startup_stm32f407xx.o(.text)
    DMA2_Stream5_IRQHandler                  0x080001b7   Thumb Code     0  startup_stm32f407xx.o(.text)
    DMA2_Stream6_IRQHandler                  0x080001b7   Thumb Code     0  startup_stm32f407xx.o(.text)
    DMA2_Stream7_IRQHandler                  0x080001b7   Thumb Code     0  startup_stm32f407xx.o(.text)
    ETH_IRQHandler                           0x080001b7   Thumb Code     0  startup_stm32f407xx.o(.text)
    ETH_WKUP_IRQHandler                      0x080001b7   Thumb Code     0  startup_stm32f407xx.o(.text)
    EXTI0_IRQHandler                         0x080001b7   Thumb Code     0  startup_stm32f407xx.o(.text)
    EXTI15_10_IRQHandler                     0x080001b7   Thumb Code     0  startup_stm32f407xx.o(.text)
    EXTI1_IRQHandler                         0x080001b7   Thumb Code     0  startup_stm32f407xx.o(.text)
    EXTI2_IRQHandler                         0x080001b7   Thumb Code     0  startup_stm32f407xx.o(.text)
    EXTI3_IRQHandler                         0x080001b7   Thumb Code     0  startup_stm32f407xx.o(.text)
    EXTI4_IRQHandler                         0x080001b7   Thumb Code     0  startup_stm32f407xx.o(.text)
    EXTI9_5_IRQHandler                       0x080001b7   Thumb Code     0  startup_stm32f407xx.o(.text)
    FLASH_IRQHandler                         0x080001b7   Thumb Code     0  startup_stm32f407xx.o(.text)
    FMC_IRQHandler                           0x080001b7   Thumb Code     0  startup_stm32f407xx.o(.text)
    FPU_IRQHandler                           0x080001b7   Thumb Code     0  startup_stm32f407xx.o(.text)
    HASH_RNG_IRQHandler                      0x080001b7   Thumb Code     0  startup_stm32f407xx.o(.text)
    I2C1_ER_IRQHandler                       0x080001b7   Thumb Code     0  startup_stm32f407xx.o(.text)
    I2C1_EV_IRQHandler                       0x080001b7   Thumb Code     0  startup_stm32f407xx.o(.text)
    I2C2_ER_IRQHandler                       0x080001b7   Thumb Code     0  startup_stm32f407xx.o(.text)
    I2C2_EV_IRQHandler                       0x080001b7   Thumb Code     0  startup_stm32f407xx.o(.text)
    I2C3_ER_IRQHandler                       0x080001b7   Thumb Code     0  startup_stm32f407xx.o(.text)
    I2C3_EV_IRQHandler                       0x080001b7   Thumb Code     0  startup_stm32f407xx.o(.text)
    OTG_FS_IRQHandler                        0x080001b7   Thumb Code     0  startup_stm32f407xx.o(.text)
    OTG_FS_WKUP_IRQHandler                   0x080001b7   Thumb Code     0  startup_stm32f407xx.o(.text)
    OTG_HS_EP1_IN_IRQHandler                 0x080001b7   Thumb Code     0  startup_stm32f407xx.o(.text)
    OTG_HS_EP1_OUT_IRQHandler                0x080001b7   Thumb Code     0  startup_stm32f407xx.o(.text)
    OTG_HS_IRQHandler                        0x080001b7   Thumb Code     0  startup_stm32f407xx.o(.text)
    OTG_HS_WKUP_IRQHandler                   0x080001b7   Thumb Code     0  startup_stm32f407xx.o(.text)
    PVD_IRQHandler                           0x080001b7   Thumb Code     0  startup_stm32f407xx.o(.text)
    RCC_IRQHandler                           0x080001b7   Thumb Code     0  startup_stm32f407xx.o(.text)
    RTC_Alarm_IRQHandler                     0x080001b7   Thumb Code     0  startup_stm32f407xx.o(.text)
    RTC_WKUP_IRQHandler                      0x080001b7   Thumb Code     0  startup_stm32f407xx.o(.text)
    SDIO_IRQHandler                          0x080001b7   Thumb Code     0  startup_stm32f407xx.o(.text)
    SPI1_IRQHandler                          0x080001b7   Thumb Code     0  startup_stm32f407xx.o(.text)
    SPI2_IRQHandler                          0x080001b7   Thumb Code     0  startup_stm32f407xx.o(.text)
    SPI3_IRQHandler                          0x080001b7   Thumb Code     0  startup_stm32f407xx.o(.text)
    TAMP_STAMP_IRQHandler                    0x080001b7   Thumb Code     0  startup_stm32f407xx.o(.text)
    TIM1_BRK_TIM9_IRQHandler                 0x080001b7   Thumb Code     0  startup_stm32f407xx.o(.text)
    TIM1_CC_IRQHandler                       0x080001b7   Thumb Code     0  startup_stm32f407xx.o(.text)
    TIM1_TRG_COM_TIM11_IRQHandler            0x080001b7   Thumb Code     0  startup_stm32f407xx.o(.text)
    TIM1_UP_TIM10_IRQHandler                 0x080001b7   Thumb Code     0  startup_stm32f407xx.o(.text)
    TIM2_IRQHandler                          0x080001b7   Thumb Code     0  startup_stm32f407xx.o(.text)
    TIM4_IRQHandler                          0x080001b7   Thumb Code     0  startup_stm32f407xx.o(.text)
    TIM5_IRQHandler                          0x080001b7   Thumb Code     0  startup_stm32f407xx.o(.text)
    TIM7_IRQHandler                          0x080001b7   Thumb Code     0  startup_stm32f407xx.o(.text)
    TIM8_BRK_TIM12_IRQHandler                0x080001b7   Thumb Code     0  startup_stm32f407xx.o(.text)
    TIM8_CC_IRQHandler                       0x080001b7   Thumb Code     0  startup_stm32f407xx.o(.text)
    TIM8_TRG_COM_TIM14_IRQHandler            0x080001b7   Thumb Code     0  startup_stm32f407xx.o(.text)
    TIM8_UP_TIM13_IRQHandler                 0x080001b7   Thumb Code     0  startup_stm32f407xx.o(.text)
    UART4_IRQHandler                         0x080001b7   Thumb Code     0  startup_stm32f407xx.o(.text)
    UART5_IRQHandler                         0x080001b7   Thumb Code     0  startup_stm32f407xx.o(.text)
    USART2_IRQHandler                        0x080001b7   Thumb Code     0  startup_stm32f407xx.o(.text)
    USART3_IRQHandler                        0x080001b7   Thumb Code     0  startup_stm32f407xx.o(.text)
    USART6_IRQHandler                        0x080001b7   Thumb Code     0  startup_stm32f407xx.o(.text)
    WWDG_IRQHandler                          0x080001b7   Thumb Code     0  startup_stm32f407xx.o(.text)
    __aeabi_uldivmod                         0x080001c1   Thumb Code    98  uldiv.o(.text)
    __aeabi_ldivmod                          0x08000223   Thumb Code    98  ldiv.o(.text)
    __aeabi_memset                           0x08000285   Thumb Code    14  memseta.o(.text)
    __aeabi_memset4                          0x08000285   Thumb Code     0  memseta.o(.text)
    __aeabi_memset8                          0x08000285   Thumb Code     0  memseta.o(.text)
    __aeabi_memclr                           0x08000293   Thumb Code     4  memseta.o(.text)
    __aeabi_memclr4                          0x08000293   Thumb Code     0  memseta.o(.text)
    __aeabi_memclr8                          0x08000293   Thumb Code     0  memseta.o(.text)
    _memset$wrapper                          0x08000297   Thumb Code    18  memseta.o(.text)
    memcmp                                   0x080002a9   Thumb Code    26  memcmp.o(.text)
    __aeabi_dadd                             0x080002c3   Thumb Code   322  dadd.o(.text)
    __aeabi_dsub                             0x08000405   Thumb Code     6  dadd.o(.text)
    __aeabi_drsub                            0x0800040b   Thumb Code     6  dadd.o(.text)
    __aeabi_dmul                             0x08000411   Thumb Code   228  dmul.o(.text)
    __aeabi_ddiv                             0x080004f5   Thumb Code   222  ddiv.o(.text)
    __aeabi_i2d                              0x080005d3   Thumb Code    34  dflti.o(.text)
    __aeabi_d2iz                             0x080005f5   Thumb Code    62  dfixi.o(.text)
    __aeabi_d2uiz                            0x08000633   Thumb Code    50  dfixui.o(.text)
    __aeabi_f2d                              0x08000665   Thumb Code    38  f2d.o(.text)
    __aeabi_cdcmpeq                          0x0800068d   Thumb Code     0  cdcmple.o(.text)
    __aeabi_cdcmple                          0x0800068d   Thumb Code    48  cdcmple.o(.text)
    __aeabi_cdrcmple                         0x080006bd   Thumb Code    48  cdrcmple.o(.text)
    __aeabi_d2f                              0x080006ed   Thumb Code    56  d2f.o(.text)
    __aeabi_llsl                             0x08000725   Thumb Code    30  llshl.o(.text)
    _ll_shift_l                              0x08000725   Thumb Code     0  llshl.o(.text)
    __aeabi_llsr                             0x08000743   Thumb Code    32  llushr.o(.text)
    _ll_ushift_r                             0x08000743   Thumb Code     0  llushr.o(.text)
    __aeabi_lasr                             0x08000763   Thumb Code    36  llsshr.o(.text)
    _ll_sshift_r                             0x08000763   Thumb Code     0  llsshr.o(.text)
    __I$use$fp                               0x08000787   Thumb Code     0  iusefp.o(.text)
    _float_round                             0x08000787   Thumb Code    18  fepilogue.o(.text)
    _float_epilogue                          0x08000799   Thumb Code    92  fepilogue.o(.text)
    _double_round                            0x080007f5   Thumb Code    30  depilogue.o(.text)
    _double_epilogue                         0x08000813   Thumb Code   156  depilogue.o(.text)
    __scatterload                            0x080008b1   Thumb Code    28  init.o(.text)
    __scatterload_rt2                        0x080008b1   Thumb Code     0  init.o(.text)
    _dsqrt                                   0x080008d5   Thumb Code   162  dsqrt.o(.text)
    Beep_run                                 0x08000b7d   Thumb Code    60  task.o(i.Beep_run)
    BusFault_Handler                         0x08000bc1   Thumb Code     4  stm32f4xx_it.o(i.BusFault_Handler)
    DMA2_Stream1_IRQHandler                  0x08000bc5   Thumb Code    38  adc.o(i.DMA2_Stream1_IRQHandler)
    DMA2_Stream4_IRQHandler                  0x08000bf5   Thumb Code    38  adc.o(i.DMA2_Stream4_IRQHandler)
    Datareset                                0x08000d31   Thumb Code    42  getadcdata.o(i.Datareset)
    DebugMon_Handler                         0x08000d61   Thumb Code     2  stm32f4xx_it.o(i.DebugMon_Handler)
    GetADC_AllData                           0x08000d65   Thumb Code    18  task.o(i.GetADC_AllData)
    HAL_ADC_ConfigChannel                    0x08000d81   Thumb Code   380  stm32f4xx_hal_adc.o(i.HAL_ADC_ConfigChannel)
    HAL_ADC_ConvCpltCallback                 0x08000f0d   Thumb Code     2  stm32f4xx_hal_adc.o(i.HAL_ADC_ConvCpltCallback)
    HAL_ADC_ConvHalfCpltCallback             0x08000f0f   Thumb Code     2  stm32f4xx_hal_adc.o(i.HAL_ADC_ConvHalfCpltCallback)
    HAL_ADC_ErrorCallback                    0x08000f11   Thumb Code     2  stm32f4xx_hal_adc.o(i.HAL_ADC_ErrorCallback)
    HAL_ADC_Init                             0x08000f15   Thumb Code   100  stm32f4xx_hal_adc.o(i.HAL_ADC_Init)
    HAL_ADC_MspInit                          0x08000f7d   Thumb Code     2  stm32f4xx_hal_adc.o(i.HAL_ADC_MspInit)
    HAL_ADC_Start_DMA                        0x08000f81   Thumb Code   398  stm32f4xx_hal_adc.o(i.HAL_ADC_Start_DMA)
    HAL_DMA_Abort                            0x08001135   Thumb Code   170  stm32f4xx_hal_dma.o(i.HAL_DMA_Abort)
    HAL_DMA_Abort_IT                         0x080011df   Thumb Code    40  stm32f4xx_hal_dma.o(i.HAL_DMA_Abort_IT)
    HAL_DMA_Init                             0x08001209   Thumb Code   232  stm32f4xx_hal_dma.o(i.HAL_DMA_Init)
    HAL_DMA_Start                            0x080012f5   Thumb Code   102  stm32f4xx_hal_dma.o(i.HAL_DMA_Start)
    HAL_DMA_Start_IT                         0x0800135b   Thumb Code   146  stm32f4xx_hal_dma.o(i.HAL_DMA_Start_IT)
    HAL_GPIO_Init                            0x080013ed   Thumb Code   470  stm32f4xx_hal_gpio.o(i.HAL_GPIO_Init)
    HAL_GPIO_ReadPin                         0x080015f1   Thumb Code    16  stm32f4xx_hal_gpio.o(i.HAL_GPIO_ReadPin)
    HAL_GPIO_TogglePin                       0x08001601   Thumb Code    20  stm32f4xx_hal_gpio.o(i.HAL_GPIO_TogglePin)
    HAL_GPIO_WritePin                        0x08001615   Thumb Code    12  stm32f4xx_hal_gpio.o(i.HAL_GPIO_WritePin)
    HAL_GetREVID                             0x08001621   Thumb Code     8  stm32f4xx_hal.o(i.HAL_GetREVID)
    HAL_GetTick                              0x0800162d   Thumb Code     6  stm32f4xx_hal.o(i.HAL_GetTick)
    HAL_IncTick                              0x08001639   Thumb Code    16  stm32f4xx_hal.o(i.HAL_IncTick)
    HAL_Init                                 0x08001651   Thumb Code    44  stm32f4xx_hal.o(i.HAL_Init)
    HAL_InitTick                             0x08001681   Thumb Code    64  stm32f4xx_hal.o(i.HAL_InitTick)
    HAL_MspInit                              0x080016cd   Thumb Code     2  stm32f4xx_hal_msp_template.o(i.HAL_MspInit)
    HAL_NVIC_EnableIRQ                       0x080016cf   Thumb Code    32  stm32f4xx_hal_cortex.o(i.HAL_NVIC_EnableIRQ)
    HAL_NVIC_SetPriority                     0x080016ef   Thumb Code   124  stm32f4xx_hal_cortex.o(i.HAL_NVIC_SetPriority)
    HAL_NVIC_SetPriorityGrouping             0x0800176d   Thumb Code    32  stm32f4xx_hal_cortex.o(i.HAL_NVIC_SetPriorityGrouping)
    HAL_RCC_ClockConfig                      0x08001795   Thumb Code   368  stm32f4xx_hal_rcc.o(i.HAL_RCC_ClockConfig)
    HAL_RCC_GetHCLKFreq                      0x08001919   Thumb Code     6  stm32f4xx_hal_rcc.o(i.HAL_RCC_GetHCLKFreq)
    HAL_RCC_GetPCLK1Freq                     0x08001925   Thumb Code    22  stm32f4xx_hal_rcc.o(i.HAL_RCC_GetPCLK1Freq)
    HAL_RCC_GetPCLK2Freq                     0x08001945   Thumb Code    22  stm32f4xx_hal_rcc.o(i.HAL_RCC_GetPCLK2Freq)
    HAL_RCC_GetSysClockFreq                  0x08001965   Thumb Code   162  stm32f4xx_hal_rcc.o(i.HAL_RCC_GetSysClockFreq)
    HAL_RCC_OscConfig                        0x08001a15   Thumb Code  1172  stm32f4xx_hal_rcc.o(i.HAL_RCC_OscConfig)
    HAL_SYSTICK_Config                       0x08001eb1   Thumb Code    52  stm32f4xx_hal_cortex.o(i.HAL_SYSTICK_Config)
    HAL_TIMEx_BreakCallback                  0x08001ee5   Thumb Code     2  stm32f4xx_hal_tim_ex.o(i.HAL_TIMEx_BreakCallback)
    HAL_TIMEx_CommutCallback                 0x08001ee7   Thumb Code     2  stm32f4xx_hal_tim_ex.o(i.HAL_TIMEx_CommutCallback)
    HAL_TIM_Base_Init                        0x08001ee9   Thumb Code   102  stm32f4xx_hal_tim.o(i.HAL_TIM_Base_Init)
    HAL_TIM_Base_MspInit                     0x08001f51   Thumb Code    66  btim.o(i.HAL_TIM_Base_MspInit)
    HAL_TIM_Base_Start_IT                    0x08001f9d   Thumb Code   138  stm32f4xx_hal_tim.o(i.HAL_TIM_Base_Start_IT)
    HAL_TIM_IC_CaptureCallback               0x08002045   Thumb Code     2  stm32f4xx_hal_tim.o(i.HAL_TIM_IC_CaptureCallback)
    HAL_TIM_IRQHandler                       0x08002047   Thumb Code   406  stm32f4xx_hal_tim.o(i.HAL_TIM_IRQHandler)
    HAL_TIM_OC_DelayElapsedCallback          0x080021dd   Thumb Code     2  stm32f4xx_hal_tim.o(i.HAL_TIM_OC_DelayElapsedCallback)
    HAL_TIM_PWM_ConfigChannel                0x080021df   Thumb Code   252  stm32f4xx_hal_tim.o(i.HAL_TIM_PWM_ConfigChannel)
    HAL_TIM_PWM_Init                         0x080022db   Thumb Code   102  stm32f4xx_hal_tim.o(i.HAL_TIM_PWM_Init)
    HAL_TIM_PWM_MspInit                      0x08002341   Thumb Code   698  moterdriver.o(i.HAL_TIM_PWM_MspInit)
    HAL_TIM_PWM_PulseFinishedCallback        0x0800262d   Thumb Code     2  stm32f4xx_hal_tim.o(i.HAL_TIM_PWM_PulseFinishedCallback)
    HAL_TIM_PWM_Start                        0x08002631   Thumb Code   238  stm32f4xx_hal_tim.o(i.HAL_TIM_PWM_Start)
    HAL_TIM_PeriodElapsedCallback            0x0800273d   Thumb Code    18  btim.o(i.HAL_TIM_PeriodElapsedCallback)
    HAL_TIM_TriggerCallback                  0x08002755   Thumb Code     2  stm32f4xx_hal_tim.o(i.HAL_TIM_TriggerCallback)
    HAL_UARTEx_RxEventCallback               0x08002757   Thumb Code     2  stm32f4xx_hal_uart.o(i.HAL_UARTEx_RxEventCallback)
    HAL_UART_ErrorCallback                   0x08002759   Thumb Code     2  stm32f4xx_hal_uart.o(i.HAL_UART_ErrorCallback)
    HAL_UART_IRQHandler                      0x0800275d   Thumb Code   586  stm32f4xx_hal_uart.o(i.HAL_UART_IRQHandler)
    HAL_UART_Init                            0x080029ad   Thumb Code   114  stm32f4xx_hal_uart.o(i.HAL_UART_Init)
    HAL_UART_MspInit                         0x08002a21   Thumb Code   188  usart.o(i.HAL_UART_MspInit)
    HAL_UART_Receive_IT                      0x08002ae9   Thumb Code    66  stm32f4xx_hal_uart.o(i.HAL_UART_Receive_IT)
    HAL_UART_RxCpltCallback                  0x08002b2d   Thumb Code   134  usart.o(i.HAL_UART_RxCpltCallback)
    HAL_UART_TxCpltCallback                  0x08002bc9   Thumb Code     2  stm32f4xx_hal_uart.o(i.HAL_UART_TxCpltCallback)
    HardFault_Handler                        0x08002bcb   Thumb Code     4  stm32f4xx_it.o(i.HardFault_Handler)
    Hard_devInit                             0x08002bcf   Thumb Code   130  task.o(i.Hard_devInit)
    IIC_Ack                                  0x08002c51   Thumb Code    66  myiic.o(i.IIC_Ack)
    IIC_Init                                 0x08002ca1   Thumb Code    74  myiic.o(i.IIC_Init)
    IIC_NAck                                 0x08002cfd   Thumb Code    66  myiic.o(i.IIC_NAck)
    IIC_Read_Byte                            0x08002d4d   Thumb Code    94  myiic.o(i.IIC_Read_Byte)
    IIC_Send_Byte                            0x08002db9   Thumb Code    90  myiic.o(i.IIC_Send_Byte)
    IIC_Start                                0x08002e21   Thumb Code    64  myiic.o(i.IIC_Start)
    IIC_Stop                                 0x08002e6d   Thumb Code    62  myiic.o(i.IIC_Stop)
    IIC_Wait_Ack                             0x08002eb9   Thumb Code    82  myiic.o(i.IIC_Wait_Ack)
    LedFlash                                 0x08002f19   Thumb Code     8  task.o(i.LedFlash)
    MPU_Init                                 0x08002f21   Thumb Code   122  mpu6050.o(i.MPU_Init)
    MPU_Read_Byte                            0x08002f9b   Thumb Code    58  mpu6050.o(i.MPU_Read_Byte)
    MPU_Read_Len                             0x08002fd5   Thumb Code   116  mpu6050.o(i.MPU_Read_Len)
    MPU_Set_Accel_Fsr                        0x08003049   Thumb Code    16  mpu6050.o(i.MPU_Set_Accel_Fsr)
    MPU_Set_Gyro_Fsr                         0x08003059   Thumb Code    16  mpu6050.o(i.MPU_Set_Gyro_Fsr)
    MPU_Set_LPF                              0x08003069   Thumb Code    58  mpu6050.o(i.MPU_Set_LPF)
    MPU_Set_Rate                             0x080030a3   Thumb Code    58  mpu6050.o(i.MPU_Set_Rate)
    MPU_Write_Byte                           0x080030dd   Thumb Code    68  mpu6050.o(i.MPU_Write_Byte)
    MPU_Write_Len                            0x08003121   Thumb Code    96  mpu6050.o(i.MPU_Write_Len)
    MemManage_Handler                        0x08003181   Thumb Code     4  stm32f4xx_it.o(i.MemManage_Handler)
    MoterL_pwm_chy_init                      0x08003185   Thumb Code    88  moterdriver.o(i.MoterL_pwm_chy_init)
    MoterLeg_pwm_chy_init                    0x080031e5   Thumb Code   124  moterdriver.o(i.MoterLeg_pwm_chy_init)
    MoterLift_pwm_chy_init                   0x08003269   Thumb Code    88  moterdriver.o(i.MoterLift_pwm_chy_init)
    MoterPedestal_Backboard_pwm_chy_init     0x080032c9   Thumb Code   124  moterdriver.o(i.MoterPedestal_Backboard_pwm_chy_init)
    MoterR_pwm_chy_init                      0x0800334d   Thumb Code    88  moterdriver.o(i.MoterR_pwm_chy_init)
    MoterSupport_pwm_chy_init                0x080033ad   Thumb Code    88  moterdriver.o(i.MoterSupport_pwm_chy_init)
    NMI_Handler                              0x0800340d   Thumb Code     2  stm32f4xx_it.o(i.NMI_Handler)
    OS_IT_RUN                                0x08003411   Thumb Code    90  api_schedule.o(i.OS_IT_RUN)
    PeachOSRun                               0x08003475   Thumb Code    64  api_schedule.o(i.PeachOSRun)
    PendSV_Handler                           0x080034bd   Thumb Code     2  stm32f4xx_it.o(i.PendSV_Handler)
    SVC_Handler                              0x080034bf   Thumb Code     2  stm32f4xx_it.o(i.SVC_Handler)
    SysTick_Handler                          0x080034c1   Thumb Code     8  stm32f4xx_it.o(i.SysTick_Handler)
    SystemInit                               0x080034c9   Thumb Code    14  system_stm32f4xx.o(i.SystemInit)
    TIM3_IRQHandler                          0x080034dd   Thumb Code    34  hallcap.o(i.TIM3_IRQHandler)
    TIM6_DAC_IRQHandler                      0x08003509   Thumb Code    10  btim.o(i.TIM6_DAC_IRQHandler)
    TIM_Base_SetConfig                       0x08003519   Thumb Code   170  stm32f4xx_hal_tim.o(i.TIM_Base_SetConfig)
    TIM_CCxChannelCmd                        0x080035f1   Thumb Code    34  stm32f4xx_hal_tim.o(i.TIM_CCxChannelCmd)
    TIM_OC2_SetConfig                        0x08003685   Thumb Code   114  stm32f4xx_hal_tim.o(i.TIM_OC2_SetConfig)
    UART_Start_Receive_IT                    0x08003b21   Thumb Code    70  stm32f4xx_hal_uart.o(i.UART_Start_Receive_IT)
    USART1_IRQHandler                        0x08003bc9   Thumb Code    10  usart.o(i.USART1_IRQHandler)
    UnderpanDrive                            0x08003bd9   Thumb Code   434  task.o(i.UnderpanDrive)
    UsageFault_Handler                       0x08003db9   Thumb Code     4  stm32f4xx_it.o(i.UsageFault_Handler)
    Value_Resetzero                          0x08003dbd   Thumb Code    18  common.o(i.Value_Resetzero)
    Value_limit                              0x08003dcf   Thumb Code    92  common.o(i.Value_limit)
    __0printf$8                              0x08003e2d   Thumb Code    22  printf8.o(i.__0printf$8)
    __1printf$8                              0x08003e2d   Thumb Code     0  printf8.o(i.__0printf$8)
    __2printf                                0x08003e2d   Thumb Code     0  printf8.o(i.__0printf$8)
    __ARM_fpclassify                         0x08003e4d   Thumb Code    48  fpclassify.o(i.__ARM_fpclassify)
    __hardfp_asin                            0x08003eb9   Thumb Code   770  asin.o(i.__hardfp_asin)
    __hardfp_atan                            0x08004219   Thumb Code   622  atan.o(i.__hardfp_atan)
    __hardfp_atan2                           0x080044f1   Thumb Code   432  atan2.o(i.__hardfp_atan2)
    __hardfp_fabs                            0x080046e1   Thumb Code    20  fabs.o(i.__hardfp_fabs)
    __kernel_poly                            0x080046f5   Thumb Code   248  poly.o(i.__kernel_poly)
    __mathlib_dbl_infnan                     0x080047ed   Thumb Code    20  dunder.o(i.__mathlib_dbl_infnan)
    __mathlib_dbl_infnan2                    0x08004801   Thumb Code    20  dunder.o(i.__mathlib_dbl_infnan2)
    __mathlib_dbl_invalid                    0x08004819   Thumb Code    24  dunder.o(i.__mathlib_dbl_invalid)
    __mathlib_dbl_underflow                  0x08004839   Thumb Code    24  dunder.o(i.__mathlib_dbl_underflow)
    __scatterload_copy                       0x08004859   Thumb Code    14  handlers.o(i.__scatterload_copy)
    __scatterload_null                       0x08004867   Thumb Code     2  handlers.o(i.__scatterload_null)
    __scatterload_zeroinit                   0x08004869   Thumb Code    14  handlers.o(i.__scatterload_zeroinit)
    __set_errno                              0x08004879   Thumb Code     6  errno.o(i.__set_errno)
    adc1_nch_dma_enable                      0x08004da9   Thumb Code    84  adc.o(i.adc1_nch_dma_enable)
    adc1_nch_dma_gpio_init                   0x08004e09   Thumb Code   112  adc.o(i.adc1_nch_dma_gpio_init)
    adc1_nch_dma_init                        0x08004e85   Thumb Code   330  adc.o(i.adc1_nch_dma_init)
    adc3_nch_dma_enable                      0x08004fe9   Thumb Code    86  adc.o(i.adc3_nch_dma_enable)
    adc3_nch_dma_gpio_init                   0x08005051   Thumb Code   114  adc.o(i.adc3_nch_dma_gpio_init)
    adc3_nch_dma_init                        0x080050d1   Thumb Code   392  adc.o(i.adc3_nch_dma_init)
    adc_channel_set                          0x08005271   Thumb Code    30  adc.o(i.adc_channel_set)
    atan                                     0x0800528f   Thumb Code    16  atan.o(i.atan)
    beep_init                                0x080052a1   Thumb Code    80  beep.o(i.beep_init)
    brake_init                               0x080052f9   Thumb Code   142  brake.o(i.brake_init)
    btim_timx_int_init                       0x08005391   Thumb Code    34  btim.o(i.btim_timx_int_init)
    dcurrentpro_init                         0x080053bd   Thumb Code   226  overcurrent_protection.o(i.dcurrentpro_init)
    delay_init                               0x08005511   Thumb Code     6  delay.o(i.delay_init)
    delay_ms                                 0x0800551d   Thumb Code    18  delay.o(i.delay_ms)
    delay_us                                 0x08005531   Thumb Code    68  delay.o(i.delay_us)
    dmp_enable_6x_lp_quat                    0x08005579   Thumb Code    60  inv_mpu_dmp_motion_driver.o(i.dmp_enable_6x_lp_quat)
    dmp_enable_feature                       0x080055b5   Thumb Code   530  inv_mpu_dmp_motion_driver.o(i.dmp_enable_feature)
    dmp_enable_gyro_cal                      0x080057d1   Thumb Code    62  inv_mpu_dmp_motion_driver.o(i.dmp_enable_gyro_cal)
    dmp_enable_lp_quat                       0x08005829   Thumb Code    60  inv_mpu_dmp_motion_driver.o(i.dmp_enable_lp_quat)
    dmp_load_motion_driver_firmware          0x08005865   Thumb Code    20  inv_mpu_dmp_motion_driver.o(i.dmp_load_motion_driver_firmware)
    dmp_read_fifo                            0x0800587d   Thumb Code   456  inv_mpu_dmp_motion_driver.o(i.dmp_read_fifo)
    dmp_set_accel_bias                       0x08005a49   Thumb Code   300  inv_mpu_dmp_motion_driver.o(i.dmp_set_accel_bias)
    dmp_set_fifo_rate                        0x08005b79   Thumb Code    96  inv_mpu_dmp_motion_driver.o(i.dmp_set_fifo_rate)
    dmp_set_gyro_bias                        0x08005be9   Thumb Code   294  inv_mpu_dmp_motion_driver.o(i.dmp_set_gyro_bias)
    dmp_set_orientation                      0x08005d19   Thumb Code   290  inv_mpu_dmp_motion_driver.o(i.dmp_set_orientation)
    dmp_set_shake_reject_thresh              0x08005e51   Thumb Code    56  inv_mpu_dmp_motion_driver.o(i.dmp_set_shake_reject_thresh)
    dmp_set_shake_reject_time                0x08005e89   Thumb Code    38  inv_mpu_dmp_motion_driver.o(i.dmp_set_shake_reject_time)
    dmp_set_shake_reject_timeout             0x08005eaf   Thumb Code    38  inv_mpu_dmp_motion_driver.o(i.dmp_set_shake_reject_timeout)
    dmp_set_tap_axes                         0x08005ed5   Thumb Code    70  inv_mpu_dmp_motion_driver.o(i.dmp_set_tap_axes)
    dmp_set_tap_count                        0x08005f1b   Thumb Code    38  inv_mpu_dmp_motion_driver.o(i.dmp_set_tap_count)
    dmp_set_tap_thresh                       0x08005f41   Thumb Code   412  inv_mpu_dmp_motion_driver.o(i.dmp_set_tap_thresh)
    dmp_set_tap_time                         0x08006101   Thumb Code    38  inv_mpu_dmp_motion_driver.o(i.dmp_set_tap_time)
    dmp_set_tap_time_multi                   0x08006127   Thumb Code    38  inv_mpu_dmp_motion_driver.o(i.dmp_set_tap_time_multi)
    fabs                                     0x0800614d   Thumb Code    24  fabs.o(i.fabs)
    fputc                                    0x08006165   Thumb Code    22  usart.o(i.fputc)
    getadc1Data                              0x080066c1   Thumb Code   270  getadcdata.o(i.getadc1Data)
    getadc3Data                              0x080067ed   Thumb Code   162  getadcdata.o(i.getadc3Data)
    getadcData                               0x0800689d   Thumb Code    12  getadcdata.o(i.getadcData)
    getadcDataInit                           0x080068a9   Thumb Code    36  getadcdata.o(i.getadcDataInit)
    gyroscopeData                            0x080069f1   Thumb Code    14  task.o(i.gyroscopeData)
    inv_orientation_matrix_to_scalar         0x08006a0d   Thumb Code    40  inv_mpu.o(i.inv_orientation_matrix_to_scalar)
    inv_row_2_scale                          0x08006a35   Thumb Code    78  inv_mpu.o(i.inv_row_2_scale)
    joysticDatacalibrationInit               0x08006a85   Thumb Code    98  getadcdata.o(i.joysticDatacalibrationInit)
    key_init                                 0x08006af5   Thumb Code   266  key.o(i.key_init)
    key_scan1                                0x08006c0d   Thumb Code    44  key.o(i.key_scan1)
    key_scan10                               0x08006c3d   Thumb Code    44  key.o(i.key_scan10)
    key_scan2                                0x08006c6d   Thumb Code    60  key.o(i.key_scan2)
    key_scan3                                0x08006cad   Thumb Code    60  key.o(i.key_scan3)
    key_scan5                                0x08006ced   Thumb Code    44  key.o(i.key_scan5)
    key_scan6                                0x08006d1d   Thumb Code    54  key.o(i.key_scan6)
    key_scan7                                0x08006d59   Thumb Code    40  key.o(i.key_scan7)
    led_bling                                0x08006d85   Thumb Code   566  led.o(i.led_bling)
    led_init                                 0x08006fd9   Thumb Code   140  led.o(i.led_init)
    linearactuatorDrive                      0x0800706d   Thumb Code   436  task.o(i.linearactuatorDrive)
    main                                     0x08007231   Thumb Code    14  main.o(i.main)
    mget_ms                                  0x0800723f   Thumb Code     2  inv_mpu.o(i.mget_ms)
    mpu_configure_fifo                       0x08007241   Thumb Code   106  inv_mpu.o(i.mpu_configure_fifo)
    mpu_dmp_get_data                         0x080072b1   Thumb Code   520  inv_mpu.o(i.mpu_dmp_get_data)
    mpu_dmp_init                             0x080074c9   Thumb Code   150  inv_mpu.o(i.mpu_dmp_init)
    mpu_get_accel_fsr                        0x08007565   Thumb Code    72  inv_mpu.o(i.mpu_get_accel_fsr)
    mpu_get_accel_sens                       0x080075b1   Thumb Code    78  inv_mpu.o(i.mpu_get_accel_sens)
    mpu_get_fifo_config                      0x08007605   Thumb Code    12  inv_mpu.o(i.mpu_get_fifo_config)
    mpu_get_gyro_fsr                         0x08007615   Thumb Code    64  inv_mpu.o(i.mpu_get_gyro_fsr)
    mpu_get_gyro_sens                        0x08007659   Thumb Code    74  inv_mpu.o(i.mpu_get_gyro_sens)
    mpu_get_lpf                              0x080076b9   Thumb Code    74  inv_mpu.o(i.mpu_get_lpf)
    mpu_get_sample_rate                      0x08007709   Thumb Code    26  inv_mpu.o(i.mpu_get_sample_rate)
    mpu_init                                 0x08007729   Thumb Code   416  inv_mpu.o(i.mpu_init)
    mpu_load_firmware                        0x08007919   Thumb Code   180  inv_mpu.o(i.mpu_load_firmware)
    mpu_lp_accel_mode                        0x080079d1   Thumb Code   218  inv_mpu.o(i.mpu_lp_accel_mode)
    mpu_read_fifo_stream                     0x08007ab1   Thumb Code   186  inv_mpu.o(i.mpu_read_fifo_stream)
    mpu_read_mem                             0x08007b71   Thumb Code   122  inv_mpu.o(i.mpu_read_mem)
    mpu_reset_fifo                           0x08007bf1   Thumb Code   450  inv_mpu.o(i.mpu_reset_fifo)
    mpu_run_self_test                        0x08007db9   Thumb Code   278  inv_mpu.o(i.mpu_run_self_test)
    mpu_set_accel_fsr                        0x08007ed5   Thumb Code   126  inv_mpu.o(i.mpu_set_accel_fsr)
    mpu_set_bypass                           0x08007f59   Thumb Code   328  inv_mpu.o(i.mpu_set_bypass)
    mpu_set_dmp_state                        0x080080a5   Thumb Code   138  inv_mpu.o(i.mpu_set_dmp_state)
    mpu_set_gyro_fsr                         0x08008135   Thumb Code   132  inv_mpu.o(i.mpu_set_gyro_fsr)
    mpu_set_int_latched                      0x080081bd   Thumb Code   102  inv_mpu.o(i.mpu_set_int_latched)
    mpu_set_lpf                              0x08008229   Thumb Code   126  inv_mpu.o(i.mpu_set_lpf)
    mpu_set_sample_rate                      0x080082ad   Thumb Code   152  inv_mpu.o(i.mpu_set_sample_rate)
    mpu_set_sensors                          0x08008349   Thumb Code   202  inv_mpu.o(i.mpu_set_sensors)
    mpu_write_mem                            0x08008419   Thumb Code   122  inv_mpu.o(i.mpu_write_mem)
    run_self_test                            0x08008499   Thumb Code   154  inv_mpu.o(i.run_self_test)
    slopelimitx                              0x080085c5   Thumb Code   168  common.o(i.slopelimitx)
    slopelimity                              0x08008675   Thumb Code   168  common.o(i.slopelimity)
    sqrt                                     0x08008725   Thumb Code   110  sqrt.o(i.sqrt)
    sys_stm32_clock_init                     0x08008795   Thumb Code   208  sys.o(i.sys_stm32_clock_init)
    tcurrentpro_init                         0x08008871   Thumb Code    80  overcurrent_protection.o(i.tcurrentpro_init)
    usart_init                               0x080088c9   Thumb Code    44  usart.o(i.usart_init)
    velocity_plan                            0x08008901   Thumb Code  4178  underpancontrol.o(i.velocity_plan)
    AHBPrescTable                            0x08009988   Data          16  system_stm32f4xx.o(.constdata)
    APBPrescTable                            0x08009998   Data           8  system_stm32f4xx.o(.constdata)
    reg                                      0x080099a0   Data          27  inv_mpu.o(.constdata)
    hw                                       0x080099bc   Data          12  inv_mpu.o(.constdata)
    test                                     0x080099c8   Data          40  inv_mpu.o(.constdata)
    __mathlib_zero                           0x0800a6d8   Data           8  qnan.o(.constdata)
    Region$$Table$$Base                      0x0800a730   Number         0  anon$$obj.o(Region$$Table)
    Region$$Table$$Limit                     0x0800a750   Number         0  anon$$obj.o(Region$$Table)
    SystemCoreClock                          0x20000000   Data           4  system_stm32f4xx.o(.data)
    __stdout                                 0x20000008   Data           4  usart.o(.data)
    g_usart_rx_sta                           0x2000000c   Data           2  usart.o(.data)
    g_rx_buffer                              0x2000000e   Data           1  usart.o(.data)
    led_state                                0x20000010   Data           1  led.o(.data)
    doubleflingflage                         0x20000011   Data           1  led.o(.data)
    g_adc1_dma_sta                           0x20000018   Data           1  adc.o(.data)
    g_adc3_dma_sta                           0x20000019   Data           1  adc.o(.data)
    brakeflage                               0x2000001a   Data           2  underpancontrol.o(.data)
    TaskST                                   0x2000001c   Data          72  api_schedule.o(.data)
    TaskCount                                0x20000064   Data           1  api_schedule.o(.data)
    Temperature                              0x20000068   Data           2  task.o(.data)
    gyrox                                    0x2000006a   Data           2  task.o(.data)
    gyroy                                    0x2000006c   Data           2  task.o(.data)
    gyroz                                    0x2000006e   Data           2  task.o(.data)
    aacx                                     0x20000070   Data           2  task.o(.data)
    aacy                                     0x20000072   Data           2  task.o(.data)
    aacz                                     0x20000074   Data           2  task.o(.data)
    pitch                                    0x20000078   Data           4  task.o(.data)
    roll                                     0x2000007c   Data           4  task.o(.data)
    yaw                                      0x20000080   Data           4  task.o(.data)
    g_timxchy_cnt_ofcnt                      0x20000094   Data           4  hallcap.o(.data)
    uwTick                                   0x200000d0   Data           4  stm32f4xx_hal.o(.data)
    uwTickPrio                               0x200000d4   Data           4  stm32f4xx_hal.o(.data)
    uwTickFreq                               0x200000d8   Data           1  stm32f4xx_hal.o(.data)
    g_usart_rx_buf                           0x200000e0   Data         200  usart.o(.bss)
    g_uart1_handle                           0x200001a8   Data          68  usart.o(.bss)
    g_adc1_nch_dma_handle                    0x200001ec   Data          72  adc.o(.bss)
    g_dma_nch_adc1_handle                    0x20000234   Data          96  adc.o(.bss)
    g_adc3_nch_dma_handle                    0x20000294   Data          72  adc.o(.bss)
    g_dma_nch_adc3_handle                    0x200002dc   Data          96  adc.o(.bss)
    velocity_pout                            0x20000340   Data         112  underpancontrol.o(.bss)
    g_time5_pwm_chy_handle                   0x200003b0   Data          72  moterdriver.o(.bss)
    g_time9_pwm_chy_handle                   0x200003f8   Data          72  moterdriver.o(.bss)
    g_time1_pwm_chy_handle                   0x20000440   Data          72  moterdriver.o(.bss)
    g_time8_pwm_chy_handle                   0x20000488   Data          72  moterdriver.o(.bss)
    g_time4_pwm_chy_handle                   0x200004d0   Data          72  moterdriver.o(.bss)
    g_time12_pwm_chy_handle                  0x20000518   Data          72  moterdriver.o(.bss)
    g_timx_handler                           0x20000560   Data          72  btim.o(.bss)
    velPlanIn1                               0x200005a8   Data          16  task.o(.bss)
    g_timx_cnt_chy_handle                    0x200005b8   Data          72  hallcap.o(.bss)
    g_adc1_dma_buf                           0x20000600   Data         140  getadcdata.o(.bss)
    g_adc3_dma_buf                           0x2000068c   Data         240  getadcdata.o(.bss)
    adcdata                                  0x2000077c   Data          84  getadcdata.o(.bss)
    __initial_sp                             0x20000be0   Data           0  startup_stm32f407xx.o(STACK)



==============================================================================

Memory Map of the image

  Image Entry point : 0x08000189

  Load Region LR_IROM1 (Base: 0x08000000, Size: 0x0000a830, Max: 0x00100000, ABSOLUTE)

    Execution Region ER_IROM1 (Exec base: 0x08000000, Load base: 0x08000000, Size: 0x0000a750, Max: 0x00100000, ABSOLUTE)

    Exec Addr    Load Addr    Size         Type   Attr      Idx    E Section Name        Object

    0x08000000   0x08000000   0x00000188   Data   RO            3    RESET               startup_stm32f407xx.o
    0x08000188   0x08000188   0x00000000   Code   RO         8419  * .ARM.Collect$$$$00000000  mc_w.l(entry.o)
    0x08000188   0x08000188   0x00000004   Code   RO         8758    .ARM.Collect$$$$00000001  mc_w.l(entry2.o)
    0x0800018c   0x0800018c   0x00000004   Code   RO         8761    .ARM.Collect$$$$00000004  mc_w.l(entry5.o)
    0x08000190   0x08000190   0x00000000   Code   RO         8763    .ARM.Collect$$$$00000008  mc_w.l(entry7b.o)
    0x08000190   0x08000190   0x00000000   Code   RO         8765    .ARM.Collect$$$$0000000A  mc_w.l(entry8b.o)
    0x08000190   0x08000190   0x00000008   Code   RO         8766    .ARM.Collect$$$$0000000B  mc_w.l(entry9a.o)
    0x08000198   0x08000198   0x00000000   Code   RO         8768    .ARM.Collect$$$$0000000D  mc_w.l(entry10a.o)
    0x08000198   0x08000198   0x00000000   Code   RO         8770    .ARM.Collect$$$$0000000F  mc_w.l(entry11a.o)
    0x08000198   0x08000198   0x00000004   Code   RO         8759    .ARM.Collect$$$$00002712  mc_w.l(entry2.o)
    0x0800019c   0x0800019c   0x00000024   Code   RO            4    .text               startup_stm32f407xx.o
    0x080001c0   0x080001c0   0x00000062   Code   RO         8422    .text               mc_w.l(uldiv.o)
    0x08000222   0x08000222   0x00000062   Code   RO         8424    .text               mc_w.l(ldiv.o)
    0x08000284   0x08000284   0x00000024   Code   RO         8426    .text               mc_w.l(memseta.o)
    0x080002a8   0x080002a8   0x0000001a   Code   RO         8428    .text               mc_w.l(memcmp.o)
    0x080002c2   0x080002c2   0x0000014e   Code   RO         8691    .text               mf_w.l(dadd.o)
    0x08000410   0x08000410   0x000000e4   Code   RO         8693    .text               mf_w.l(dmul.o)
    0x080004f4   0x080004f4   0x000000de   Code   RO         8695    .text               mf_w.l(ddiv.o)
    0x080005d2   0x080005d2   0x00000022   Code   RO         8697    .text               mf_w.l(dflti.o)
    0x080005f4   0x080005f4   0x0000003e   Code   RO         8701    .text               mf_w.l(dfixi.o)
    0x08000632   0x08000632   0x00000032   Code   RO         8703    .text               mf_w.l(dfixui.o)
    0x08000664   0x08000664   0x00000026   Code   RO         8705    .text               mf_w.l(f2d.o)
    0x0800068a   0x0800068a   0x00000002   PAD
    0x0800068c   0x0800068c   0x00000030   Code   RO         8707    .text               mf_w.l(cdcmple.o)
    0x080006bc   0x080006bc   0x00000030   Code   RO         8709    .text               mf_w.l(cdrcmple.o)
    0x080006ec   0x080006ec   0x00000038   Code   RO         8711    .text               mf_w.l(d2f.o)
    0x08000724   0x08000724   0x0000001e   Code   RO         8774    .text               mc_w.l(llshl.o)
    0x08000742   0x08000742   0x00000020   Code   RO         8776    .text               mc_w.l(llushr.o)
    0x08000762   0x08000762   0x00000024   Code   RO         8778    .text               mc_w.l(llsshr.o)
    0x08000786   0x08000786   0x00000000   Code   RO         8787    .text               mc_w.l(iusefp.o)
    0x08000786   0x08000786   0x0000006e   Code   RO         8788    .text               mf_w.l(fepilogue.o)
    0x080007f4   0x080007f4   0x000000ba   Code   RO         8790    .text               mf_w.l(depilogue.o)
    0x080008ae   0x080008ae   0x00000002   PAD
    0x080008b0   0x080008b0   0x00000024   Code   RO         8796    .text               mc_w.l(init.o)
    0x080008d4   0x080008d4   0x000000a2   Code   RO         8798    .text               mf_w.l(dsqrt.o)
    0x08000976   0x08000976   0x0000007e   Code   RO         2558    i.ADC_DMAConvCplt   stm32f4xx_hal_adc.o
    0x080009f4   0x080009f4   0x0000001a   Code   RO         2559    i.ADC_DMAError      stm32f4xx_hal_adc.o
    0x08000a0e   0x08000a0e   0x0000000e   Code   RO         2560    i.ADC_DMAHalfConvCplt  stm32f4xx_hal_adc.o
    0x08000a1c   0x08000a1c   0x00000160   Code   RO         2561    i.ADC_Init          stm32f4xx_hal_adc.o
    0x08000b7c   0x08000b7c   0x00000044   Code   RO         1346    i.Beep_run          task.o
    0x08000bc0   0x08000bc0   0x00000004   Code   RO          299    i.BusFault_Handler  stm32f4xx_it.o
    0x08000bc4   0x08000bc4   0x00000030   Code   RO          752    i.DMA2_Stream1_IRQHandler  adc.o
    0x08000bf4   0x08000bf4   0x00000030   Code   RO          753    i.DMA2_Stream4_IRQHandler  adc.o
    0x08000c24   0x08000c24   0x00000034   Code   RO         3745    i.DMA_CalcBaseAndBitshift  stm32f4xx_hal_dma.o
    0x08000c58   0x08000c58   0x000000aa   Code   RO         3746    i.DMA_CheckFifoParam  stm32f4xx_hal_dma.o
    0x08000d02   0x08000d02   0x0000002c   Code   RO         3747    i.DMA_SetConfig     stm32f4xx_hal_dma.o
    0x08000d2e   0x08000d2e   0x00000002   PAD
    0x08000d30   0x08000d30   0x00000030   Code   RO         1603    i.Datareset         getadcdata.o
    0x08000d60   0x08000d60   0x00000002   Code   RO          300    i.DebugMon_Handler  stm32f4xx_it.o
    0x08000d62   0x08000d62   0x00000002   PAD
    0x08000d64   0x08000d64   0x0000001c   Code   RO         1347    i.GetADC_AllData    task.o
    0x08000d80   0x08000d80   0x0000018c   Code   RO         2563    i.HAL_ADC_ConfigChannel  stm32f4xx_hal_adc.o
    0x08000f0c   0x08000f0c   0x00000002   Code   RO         2564    i.HAL_ADC_ConvCpltCallback  stm32f4xx_hal_adc.o
    0x08000f0e   0x08000f0e   0x00000002   Code   RO         2565    i.HAL_ADC_ConvHalfCpltCallback  stm32f4xx_hal_adc.o
    0x08000f10   0x08000f10   0x00000002   Code   RO         2567    i.HAL_ADC_ErrorCallback  stm32f4xx_hal_adc.o
    0x08000f12   0x08000f12   0x00000002   PAD
    0x08000f14   0x08000f14   0x00000068   Code   RO         2572    i.HAL_ADC_Init      stm32f4xx_hal_adc.o
    0x08000f7c   0x08000f7c   0x00000002   Code   RO         2575    i.HAL_ADC_MspInit   stm32f4xx_hal_adc.o
    0x08000f7e   0x08000f7e   0x00000002   PAD
    0x08000f80   0x08000f80   0x000001b4   Code   RO         2579    i.HAL_ADC_Start_DMA  stm32f4xx_hal_adc.o
    0x08001134   0x08001134   0x000000aa   Code   RO         3748    i.HAL_DMA_Abort     stm32f4xx_hal_dma.o
    0x080011de   0x080011de   0x00000028   Code   RO         3749    i.HAL_DMA_Abort_IT  stm32f4xx_hal_dma.o
    0x08001206   0x08001206   0x00000002   PAD
    0x08001208   0x08001208   0x000000ec   Code   RO         3754    i.HAL_DMA_Init      stm32f4xx_hal_dma.o
    0x080012f4   0x080012f4   0x00000066   Code   RO         3757    i.HAL_DMA_Start     stm32f4xx_hal_dma.o
    0x0800135a   0x0800135a   0x00000092   Code   RO         3758    i.HAL_DMA_Start_IT  stm32f4xx_hal_dma.o
    0x080013ec   0x080013ec   0x00000204   Code   RO         4334    i.HAL_GPIO_Init     stm32f4xx_hal_gpio.o
    0x080015f0   0x080015f0   0x00000010   Code   RO         4336    i.HAL_GPIO_ReadPin  stm32f4xx_hal_gpio.o
    0x08001600   0x08001600   0x00000014   Code   RO         4337    i.HAL_GPIO_TogglePin  stm32f4xx_hal_gpio.o
    0x08001614   0x08001614   0x0000000c   Code   RO         4338    i.HAL_GPIO_WritePin  stm32f4xx_hal_gpio.o
    0x08001620   0x08001620   0x0000000c   Code   RO         2384    i.HAL_GetREVID      stm32f4xx_hal.o
    0x0800162c   0x0800162c   0x0000000c   Code   RO         2385    i.HAL_GetTick       stm32f4xx_hal.o
    0x08001638   0x08001638   0x00000018   Code   RO         2391    i.HAL_IncTick       stm32f4xx_hal.o
    0x08001650   0x08001650   0x00000030   Code   RO         2392    i.HAL_Init          stm32f4xx_hal.o
    0x08001680   0x08001680   0x0000004c   Code   RO         2393    i.HAL_InitTick      stm32f4xx_hal.o
    0x080016cc   0x080016cc   0x00000002   Code   RO         5592    i.HAL_MspInit       stm32f4xx_hal_msp_template.o
    0x080016ce   0x080016ce   0x00000020   Code   RO         3090    i.HAL_NVIC_EnableIRQ  stm32f4xx_hal_cortex.o
    0x080016ee   0x080016ee   0x0000007c   Code   RO         3096    i.HAL_NVIC_SetPriority  stm32f4xx_hal_cortex.o
    0x0800176a   0x0800176a   0x00000002   PAD
    0x0800176c   0x0800176c   0x00000028   Code   RO         3097    i.HAL_NVIC_SetPriorityGrouping  stm32f4xx_hal_cortex.o
    0x08001794   0x08001794   0x00000184   Code   RO         5826    i.HAL_RCC_ClockConfig  stm32f4xx_hal_rcc.o
    0x08001918   0x08001918   0x0000000c   Code   RO         5831    i.HAL_RCC_GetHCLKFreq  stm32f4xx_hal_rcc.o
    0x08001924   0x08001924   0x00000020   Code   RO         5833    i.HAL_RCC_GetPCLK1Freq  stm32f4xx_hal_rcc.o
    0x08001944   0x08001944   0x00000020   Code   RO         5834    i.HAL_RCC_GetPCLK2Freq  stm32f4xx_hal_rcc.o
    0x08001964   0x08001964   0x000000b0   Code   RO         5835    i.HAL_RCC_GetSysClockFreq  stm32f4xx_hal_rcc.o
    0x08001a14   0x08001a14   0x0000049c   Code   RO         5838    i.HAL_RCC_OscConfig  stm32f4xx_hal_rcc.o
    0x08001eb0   0x08001eb0   0x00000034   Code   RO         3101    i.HAL_SYSTICK_Config  stm32f4xx_hal_cortex.o
    0x08001ee4   0x08001ee4   0x00000002   Code   RO         8123    i.HAL_TIMEx_BreakCallback  stm32f4xx_hal_tim_ex.o
    0x08001ee6   0x08001ee6   0x00000002   Code   RO         8124    i.HAL_TIMEx_CommutCallback  stm32f4xx_hal_tim_ex.o
    0x08001ee8   0x08001ee8   0x00000066   Code   RO         7408    i.HAL_TIM_Base_Init  stm32f4xx_hal_tim.o
    0x08001f4e   0x08001f4e   0x00000002   PAD
    0x08001f50   0x08001f50   0x0000004c   Code   RO         1265    i.HAL_TIM_Base_MspInit  btim.o
    0x08001f9c   0x08001f9c   0x000000a8   Code   RO         7413    i.HAL_TIM_Base_Start_IT  stm32f4xx_hal_tim.o
    0x08002044   0x08002044   0x00000002   Code   RO         7442    i.HAL_TIM_IC_CaptureCallback  stm32f4xx_hal_tim.o
    0x08002046   0x08002046   0x00000196   Code   RO         7456    i.HAL_TIM_IRQHandler  stm32f4xx_hal_tim.o
    0x080021dc   0x080021dc   0x00000002   Code   RO         7459    i.HAL_TIM_OC_DelayElapsedCallback  stm32f4xx_hal_tim.o
    0x080021de   0x080021de   0x000000fc   Code   RO         7480    i.HAL_TIM_PWM_ConfigChannel  stm32f4xx_hal_tim.o
    0x080022da   0x080022da   0x00000066   Code   RO         7483    i.HAL_TIM_PWM_Init  stm32f4xx_hal_tim.o
    0x08002340   0x08002340   0x000002ec   Code   RO         1178    i.HAL_TIM_PWM_MspInit  moterdriver.o
    0x0800262c   0x0800262c   0x00000002   Code   RO         7486    i.HAL_TIM_PWM_PulseFinishedCallback  stm32f4xx_hal_tim.o
    0x0800262e   0x0800262e   0x00000002   PAD
    0x08002630   0x08002630   0x0000010c   Code   RO         7488    i.HAL_TIM_PWM_Start  stm32f4xx_hal_tim.o
    0x0800273c   0x0800273c   0x00000018   Code   RO         1266    i.HAL_TIM_PeriodElapsedCallback  btim.o
    0x08002754   0x08002754   0x00000002   Code   RO         7499    i.HAL_TIM_TriggerCallback  stm32f4xx_hal_tim.o
    0x08002756   0x08002756   0x00000002   Code   RO         6490    i.HAL_UARTEx_RxEventCallback  stm32f4xx_hal_uart.o
    0x08002758   0x08002758   0x00000002   Code   RO         6504    i.HAL_UART_ErrorCallback  stm32f4xx_hal_uart.o
    0x0800275a   0x0800275a   0x00000002   PAD
    0x0800275c   0x0800275c   0x00000250   Code   RO         6507    i.HAL_UART_IRQHandler  stm32f4xx_hal_uart.o
    0x080029ac   0x080029ac   0x00000072   Code   RO         6508    i.HAL_UART_Init     stm32f4xx_hal_uart.o
    0x08002a1e   0x08002a1e   0x00000002   PAD
    0x08002a20   0x08002a20   0x000000c8   Code   RO          528    i.HAL_UART_MspInit  usart.o
    0x08002ae8   0x08002ae8   0x00000042   Code   RO         6513    i.HAL_UART_Receive_IT  stm32f4xx_hal_uart.o
    0x08002b2a   0x08002b2a   0x00000002   PAD
    0x08002b2c   0x08002b2c   0x0000009c   Code   RO          529    i.HAL_UART_RxCpltCallback  usart.o
    0x08002bc8   0x08002bc8   0x00000002   Code   RO         6519    i.HAL_UART_TxCpltCallback  stm32f4xx_hal_uart.o
    0x08002bca   0x08002bca   0x00000004   Code   RO          301    i.HardFault_Handler  stm32f4xx_it.o
    0x08002bce   0x08002bce   0x00000082   Code   RO         1348    i.Hard_devInit      task.o
    0x08002c50   0x08002c50   0x00000050   Code   RO         1754    i.IIC_Ack           myiic.o
    0x08002ca0   0x08002ca0   0x0000005c   Code   RO         1755    i.IIC_Init          myiic.o
    0x08002cfc   0x08002cfc   0x00000050   Code   RO         1756    i.IIC_NAck          myiic.o
    0x08002d4c   0x08002d4c   0x0000006c   Code   RO         1757    i.IIC_Read_Byte     myiic.o
    0x08002db8   0x08002db8   0x00000068   Code   RO         1758    i.IIC_Send_Byte     myiic.o
    0x08002e20   0x08002e20   0x0000004c   Code   RO         1759    i.IIC_Start         myiic.o
    0x08002e6c   0x08002e6c   0x0000004c   Code   RO         1760    i.IIC_Stop          myiic.o
    0x08002eb8   0x08002eb8   0x00000060   Code   RO         1761    i.IIC_Wait_Ack      myiic.o
    0x08002f18   0x08002f18   0x00000008   Code   RO         1349    i.LedFlash          task.o
    0x08002f20   0x08002f20   0x0000007a   Code   RO         1667    i.MPU_Init          mpu6050.o
    0x08002f9a   0x08002f9a   0x0000003a   Code   RO         1668    i.MPU_Read_Byte     mpu6050.o
    0x08002fd4   0x08002fd4   0x00000074   Code   RO         1669    i.MPU_Read_Len      mpu6050.o
    0x08003048   0x08003048   0x00000010   Code   RO         1670    i.MPU_Set_Accel_Fsr  mpu6050.o
    0x08003058   0x08003058   0x00000010   Code   RO         1671    i.MPU_Set_Gyro_Fsr  mpu6050.o
    0x08003068   0x08003068   0x0000003a   Code   RO         1672    i.MPU_Set_LPF       mpu6050.o
    0x080030a2   0x080030a2   0x0000003a   Code   RO         1673    i.MPU_Set_Rate      mpu6050.o
    0x080030dc   0x080030dc   0x00000044   Code   RO         1674    i.MPU_Write_Byte    mpu6050.o
    0x08003120   0x08003120   0x00000060   Code   RO         1675    i.MPU_Write_Len     mpu6050.o
    0x08003180   0x08003180   0x00000004   Code   RO          302    i.MemManage_Handler  stm32f4xx_it.o
    0x08003184   0x08003184   0x00000060   Code   RO         1179    i.MoterL_pwm_chy_init  moterdriver.o
    0x080031e4   0x080031e4   0x00000084   Code   RO         1180    i.MoterLeg_pwm_chy_init  moterdriver.o
    0x08003268   0x08003268   0x00000060   Code   RO         1181    i.MoterLift_pwm_chy_init  moterdriver.o
    0x080032c8   0x080032c8   0x00000084   Code   RO         1182    i.MoterPedestal_Backboard_pwm_chy_init  moterdriver.o
    0x0800334c   0x0800334c   0x00000060   Code   RO         1183    i.MoterR_pwm_chy_init  moterdriver.o
    0x080033ac   0x080033ac   0x00000060   Code   RO         1184    i.MoterSupport_pwm_chy_init  moterdriver.o
    0x0800340c   0x0800340c   0x00000002   Code   RO          303    i.NMI_Handler       stm32f4xx_it.o
    0x0800340e   0x0800340e   0x00000002   PAD
    0x08003410   0x08003410   0x00000064   Code   RO         1310    i.OS_IT_RUN         api_schedule.o
    0x08003474   0x08003474   0x00000048   Code   RO         1311    i.PeachOSRun        api_schedule.o
    0x080034bc   0x080034bc   0x00000002   Code   RO          304    i.PendSV_Handler    stm32f4xx_it.o
    0x080034be   0x080034be   0x00000002   Code   RO          305    i.SVC_Handler       stm32f4xx_it.o
    0x080034c0   0x080034c0   0x00000008   Code   RO          306    i.SysTick_Handler   stm32f4xx_it.o
    0x080034c8   0x080034c8   0x00000014   Code   RO          375    i.SystemInit        system_stm32f4xx.o
    0x080034dc   0x080034dc   0x0000002c   Code   RO         1496    i.TIM3_IRQHandler   hallcap.o
    0x08003508   0x08003508   0x00000010   Code   RO         1267    i.TIM6_DAC_IRQHandler  btim.o
    0x08003518   0x08003518   0x000000d8   Code   RO         7501    i.TIM_Base_SetConfig  stm32f4xx_hal_tim.o
    0x080035f0   0x080035f0   0x00000022   Code   RO         7502    i.TIM_CCxChannelCmd  stm32f4xx_hal_tim.o
    0x08003612   0x08003612   0x00000002   PAD
    0x08003614   0x08003614   0x00000070   Code   RO         7514    i.TIM_OC1_SetConfig  stm32f4xx_hal_tim.o
    0x08003684   0x08003684   0x0000007c   Code   RO         7515    i.TIM_OC2_SetConfig  stm32f4xx_hal_tim.o
    0x08003700   0x08003700   0x00000078   Code   RO         7516    i.TIM_OC3_SetConfig  stm32f4xx_hal_tim.o
    0x08003778   0x08003778   0x00000054   Code   RO         7517    i.TIM_OC4_SetConfig  stm32f4xx_hal_tim.o
    0x080037cc   0x080037cc   0x00000014   Code   RO         6521    i.UART_DMAAbortOnError  stm32f4xx_hal_uart.o
    0x080037e0   0x080037e0   0x00000036   Code   RO         6531    i.UART_EndRxTransfer  stm32f4xx_hal_uart.o
    0x08003816   0x08003816   0x00000020   Code   RO         6532    i.UART_EndTransmit_IT  stm32f4xx_hal_uart.o
    0x08003836   0x08003836   0x000000be   Code   RO         6534    i.UART_Receive_IT   stm32f4xx_hal_uart.o
    0x080038f4   0x080038f4   0x0000022c   Code   RO         6535    i.UART_SetConfig    stm32f4xx_hal_uart.o
    0x08003b20   0x08003b20   0x00000046   Code   RO         6537    i.UART_Start_Receive_IT  stm32f4xx_hal_uart.o
    0x08003b66   0x08003b66   0x00000060   Code   RO         6538    i.UART_Transmit_IT  stm32f4xx_hal_uart.o
    0x08003bc6   0x08003bc6   0x00000002   PAD
    0x08003bc8   0x08003bc8   0x00000010   Code   RO          530    i.USART1_IRQHandler  usart.o
    0x08003bd8   0x08003bd8   0x000001e0   Code   RO         1350    i.UnderpanDrive     task.o
    0x08003db8   0x08003db8   0x00000004   Code   RO          307    i.UsageFault_Handler  stm32f4xx_it.o
    0x08003dbc   0x08003dbc   0x00000012   Code   RO         1411    i.Value_Resetzero   common.o
    0x08003dce   0x08003dce   0x0000005c   Code   RO         1412    i.Value_limit       common.o
    0x08003e2a   0x08003e2a   0x00000002   PAD
    0x08003e2c   0x08003e2c   0x00000020   Code   RO         8637    i.__0printf$8       mc_w.l(printf8.o)
    0x08003e4c   0x08003e4c   0x00000030   Code   RO         8741    i.__ARM_fpclassify  m_wm.l(fpclassify.o)
    0x08003e7c   0x08003e7c   0x00000010   Code   RO         3103    i.__NVIC_GetPriorityGrouping  stm32f4xx_hal_cortex.o
    0x08003e8c   0x08003e8c   0x00000028   Code   RO         3104    i.__NVIC_SetPriority  stm32f4xx_hal_cortex.o
    0x08003eb4   0x08003eb4   0x00000004   PAD
    0x08003eb8   0x08003eb8   0x00000360   Code   RO         8387    i.__hardfp_asin     m_wm.l(asin.o)
    0x08004218   0x08004218   0x000002d8   Code   RO         8713    i.__hardfp_atan     m_wm.l(atan.o)
    0x080044f0   0x080044f0   0x000001f0   Code   RO         8401    i.__hardfp_atan2    m_wm.l(atan2.o)
    0x080046e0   0x080046e0   0x00000014   Code   RO         8413    i.__hardfp_fabs     m_wm.l(fabs.o)
    0x080046f4   0x080046f4   0x000000f8   Code   RO         8743    i.__kernel_poly     m_wm.l(poly.o)
    0x080047ec   0x080047ec   0x00000014   Code   RO         8728    i.__mathlib_dbl_infnan  m_wm.l(dunder.o)
    0x08004800   0x08004800   0x00000014   Code   RO         8729    i.__mathlib_dbl_infnan2  m_wm.l(dunder.o)
    0x08004814   0x08004814   0x00000004   PAD
    0x08004818   0x08004818   0x00000020   Code   RO         8730    i.__mathlib_dbl_invalid  m_wm.l(dunder.o)
    0x08004838   0x08004838   0x00000020   Code   RO         8733    i.__mathlib_dbl_underflow  m_wm.l(dunder.o)
    0x08004858   0x08004858   0x0000000e   Code   RO         8802    i.__scatterload_copy  mc_w.l(handlers.o)
    0x08004866   0x08004866   0x00000002   Code   RO         8803    i.__scatterload_null  mc_w.l(handlers.o)
    0x08004868   0x08004868   0x0000000e   Code   RO         8804    i.__scatterload_zeroinit  mc_w.l(handlers.o)
    0x08004876   0x08004876   0x00000002   PAD
    0x08004878   0x08004878   0x0000000c   Code   RO         8782    i.__set_errno       mc_w.l(errno.o)
    0x08004884   0x08004884   0x00000410   Code   RO         8644    i._printf_core      mc_w.l(printf8.o)
    0x08004c94   0x08004c94   0x00000024   Code   RO         8645    i._printf_post_padding  mc_w.l(printf8.o)
    0x08004cb8   0x08004cb8   0x0000002e   Code   RO         8646    i._printf_pre_padding  mc_w.l(printf8.o)
    0x08004ce6   0x08004ce6   0x00000002   PAD
    0x08004ce8   0x08004ce8   0x000000c0   Code   RO         1826    i.accel_self_test   inv_mpu.o
    0x08004da8   0x08004da8   0x00000060   Code   RO          754    i.adc1_nch_dma_enable  adc.o
    0x08004e08   0x08004e08   0x0000007c   Code   RO          755    i.adc1_nch_dma_gpio_init  adc.o
    0x08004e84   0x08004e84   0x00000164   Code   RO          756    i.adc1_nch_dma_init  adc.o
    0x08004fe8   0x08004fe8   0x00000068   Code   RO          757    i.adc3_nch_dma_enable  adc.o
    0x08005050   0x08005050   0x00000080   Code   RO          758    i.adc3_nch_dma_gpio_init  adc.o
    0x080050d0   0x080050d0   0x000001a0   Code   RO          759    i.adc3_nch_dma_init  adc.o
    0x08005270   0x08005270   0x0000001e   Code   RO          760    i.adc_channel_set   adc.o
    0x0800528e   0x0800528e   0x00000010   Code   RO         8715    i.atan              m_wm.l(atan.o)
    0x0800529e   0x0800529e   0x00000002   PAD
    0x080052a0   0x080052a0   0x00000058   Code   RO          605    i.beep_init         beep.o
    0x080052f8   0x080052f8   0x00000098   Code   RO         1241    i.brake_init        brake.o
    0x08005390   0x08005390   0x0000002c   Code   RO         1268    i.btim_timx_int_init  btim.o
    0x080053bc   0x080053bc   0x000000f0   Code   RO         1466    i.dcurrentpro_init  overcurrent_protection.o
    0x080054ac   0x080054ac   0x00000064   Code   RO         2178    i.decode_gesture    inv_mpu_dmp_motion_driver.o
    0x08005510   0x08005510   0x0000000c   Code   RO          412    i.delay_init        delay.o
    0x0800551c   0x0800551c   0x00000012   Code   RO          413    i.delay_ms          delay.o
    0x0800552e   0x0800552e   0x00000002   PAD
    0x08005530   0x08005530   0x00000048   Code   RO          414    i.delay_us          delay.o
    0x08005578   0x08005578   0x0000003c   Code   RO         2179    i.dmp_enable_6x_lp_quat  inv_mpu_dmp_motion_driver.o
    0x080055b4   0x080055b4   0x0000021c   Code   RO         2180    i.dmp_enable_feature  inv_mpu_dmp_motion_driver.o
    0x080057d0   0x080057d0   0x00000058   Code   RO         2181    i.dmp_enable_gyro_cal  inv_mpu_dmp_motion_driver.o
    0x08005828   0x08005828   0x0000003c   Code   RO         2182    i.dmp_enable_lp_quat  inv_mpu_dmp_motion_driver.o
    0x08005864   0x08005864   0x00000018   Code   RO         2187    i.dmp_load_motion_driver_firmware  inv_mpu_dmp_motion_driver.o
    0x0800587c   0x0800587c   0x000001cc   Code   RO         2188    i.dmp_read_fifo     inv_mpu_dmp_motion_driver.o
    0x08005a48   0x08005a48   0x00000130   Code   RO         2191    i.dmp_set_accel_bias  inv_mpu_dmp_motion_driver.o
    0x08005b78   0x08005b78   0x00000070   Code   RO         2192    i.dmp_set_fifo_rate  inv_mpu_dmp_motion_driver.o
    0x08005be8   0x08005be8   0x00000130   Code   RO         2193    i.dmp_set_gyro_bias  inv_mpu_dmp_motion_driver.o
    0x08005d18   0x08005d18   0x00000138   Code   RO         2195    i.dmp_set_orientation  inv_mpu_dmp_motion_driver.o
    0x08005e50   0x08005e50   0x00000038   Code   RO         2198    i.dmp_set_shake_reject_thresh  inv_mpu_dmp_motion_driver.o
    0x08005e88   0x08005e88   0x00000026   Code   RO         2199    i.dmp_set_shake_reject_time  inv_mpu_dmp_motion_driver.o
    0x08005eae   0x08005eae   0x00000026   Code   RO         2200    i.dmp_set_shake_reject_timeout  inv_mpu_dmp_motion_driver.o
    0x08005ed4   0x08005ed4   0x00000046   Code   RO         2201    i.dmp_set_tap_axes  inv_mpu_dmp_motion_driver.o
    0x08005f1a   0x08005f1a   0x00000026   Code   RO         2202    i.dmp_set_tap_count  inv_mpu_dmp_motion_driver.o
    0x08005f40   0x08005f40   0x000001c0   Code   RO         2203    i.dmp_set_tap_thresh  inv_mpu_dmp_motion_driver.o
    0x08006100   0x08006100   0x00000026   Code   RO         2204    i.dmp_set_tap_time  inv_mpu_dmp_motion_driver.o
    0x08006126   0x08006126   0x00000026   Code   RO         2205    i.dmp_set_tap_time_multi  inv_mpu_dmp_motion_driver.o
    0x0800614c   0x0800614c   0x00000018   Code   RO         8415    i.fabs              m_wm.l(fabs.o)
    0x08006164   0x08006164   0x0000001c   Code   RO          534    i.fputc             usart.o
    0x08006180   0x08006180   0x000000d0   Code   RO         1827    i.get_accel_prod_shift  inv_mpu.o
    0x08006250   0x08006250   0x00000470   Code   RO         1828    i.get_st_biases     inv_mpu.o
    0x080066c0   0x080066c0   0x0000012c   Code   RO         1604    i.getadc1Data       getadcdata.o
    0x080067ec   0x080067ec   0x000000b0   Code   RO         1605    i.getadc3Data       getadcdata.o
    0x0800689c   0x0800689c   0x0000000c   Code   RO         1606    i.getadcData        getadcdata.o
    0x080068a8   0x080068a8   0x0000002c   Code   RO         1607    i.getadcDataInit    getadcdata.o
    0x080068d4   0x080068d4   0x0000011c   Code   RO         1829    i.gyro_self_test    inv_mpu.o
    0x080069f0   0x080069f0   0x0000001c   Code   RO         1351    i.gyroscopeData     task.o
    0x08006a0c   0x08006a0c   0x00000028   Code   RO         1830    i.inv_orientation_matrix_to_scalar  inv_mpu.o
    0x08006a34   0x08006a34   0x0000004e   Code   RO         1831    i.inv_row_2_scale   inv_mpu.o
    0x08006a82   0x08006a82   0x00000002   PAD
    0x08006a84   0x08006a84   0x00000070   Code   RO         1608    i.joysticDatacalibrationInit  getadcdata.o
    0x08006af4   0x08006af4   0x00000118   Code   RO          629    i.key_init          key.o
    0x08006c0c   0x08006c0c   0x00000030   Code   RO          630    i.key_scan1         key.o
    0x08006c3c   0x08006c3c   0x00000030   Code   RO          631    i.key_scan10        key.o
    0x08006c6c   0x08006c6c   0x00000040   Code   RO          633    i.key_scan2         key.o
    0x08006cac   0x08006cac   0x00000040   Code   RO          634    i.key_scan3         key.o
    0x08006cec   0x08006cec   0x00000030   Code   RO          636    i.key_scan5         key.o
    0x08006d1c   0x08006d1c   0x0000003c   Code   RO          637    i.key_scan6         key.o
    0x08006d58   0x08006d58   0x0000002c   Code   RO          638    i.key_scan7         key.o
    0x08006d84   0x08006d84   0x00000254   Code   RO          719    i.led_bling         led.o
    0x08006fd8   0x08006fd8   0x00000094   Code   RO          720    i.led_init          led.o
    0x0800706c   0x0800706c   0x000001c4   Code   RO         1352    i.linearactuatorDrive  task.o
    0x08007230   0x08007230   0x0000000e   Code   RO           13    i.main              main.o
    0x0800723e   0x0800723e   0x00000002   Code   RO         1832    i.mget_ms           inv_mpu.o
    0x08007240   0x08007240   0x00000070   Code   RO         1833    i.mpu_configure_fifo  inv_mpu.o
    0x080072b0   0x080072b0   0x00000218   Code   RO         1834    i.mpu_dmp_get_data  inv_mpu.o
    0x080074c8   0x080074c8   0x0000009c   Code   RO         1835    i.mpu_dmp_init      inv_mpu.o
    0x08007564   0x08007564   0x0000004c   Code   RO         1836    i.mpu_get_accel_fsr  inv_mpu.o
    0x080075b0   0x080075b0   0x00000054   Code   RO         1838    i.mpu_get_accel_sens  inv_mpu.o
    0x08007604   0x08007604   0x00000010   Code   RO         1843    i.mpu_get_fifo_config  inv_mpu.o
    0x08007614   0x08007614   0x00000044   Code   RO         1844    i.mpu_get_gyro_fsr  inv_mpu.o
    0x08007658   0x08007658   0x00000060   Code   RO         1846    i.mpu_get_gyro_sens  inv_mpu.o
    0x080076b8   0x080076b8   0x00000050   Code   RO         1848    i.mpu_get_lpf       inv_mpu.o
    0x08007708   0x08007708   0x00000020   Code   RO         1850    i.mpu_get_sample_rate  inv_mpu.o
    0x08007728   0x08007728   0x000001f0   Code   RO         1852    i.mpu_init          inv_mpu.o
    0x08007918   0x08007918   0x000000b8   Code   RO         1853    i.mpu_load_firmware  inv_mpu.o
    0x080079d0   0x080079d0   0x000000e0   Code   RO         1854    i.mpu_lp_accel_mode  inv_mpu.o
    0x08007ab0   0x08007ab0   0x000000c0   Code   RO         1857    i.mpu_read_fifo_stream  inv_mpu.o
    0x08007b70   0x08007b70   0x00000080   Code   RO         1858    i.mpu_read_mem      inv_mpu.o
    0x08007bf0   0x08007bf0   0x000001c8   Code   RO         1861    i.mpu_reset_fifo    inv_mpu.o
    0x08007db8   0x08007db8   0x0000011c   Code   RO         1862    i.mpu_run_self_test  inv_mpu.o
    0x08007ed4   0x08007ed4   0x00000084   Code   RO         1864    i.mpu_set_accel_fsr  inv_mpu.o
    0x08007f58   0x08007f58   0x0000014c   Code   RO         1865    i.mpu_set_bypass    inv_mpu.o
    0x080080a4   0x080080a4   0x00000090   Code   RO         1867    i.mpu_set_dmp_state  inv_mpu.o
    0x08008134   0x08008134   0x00000088   Code   RO         1868    i.mpu_set_gyro_fsr  inv_mpu.o
    0x080081bc   0x080081bc   0x0000006c   Code   RO         1869    i.mpu_set_int_latched  inv_mpu.o
    0x08008228   0x08008228   0x00000084   Code   RO         1871    i.mpu_set_lpf       inv_mpu.o
    0x080082ac   0x080082ac   0x0000009c   Code   RO         1872    i.mpu_set_sample_rate  inv_mpu.o
    0x08008348   0x08008348   0x000000d0   Code   RO         1873    i.mpu_set_sensors   inv_mpu.o
    0x08008418   0x08008418   0x00000080   Code   RO         1874    i.mpu_write_mem     inv_mpu.o
    0x08008498   0x08008498   0x0000009a   Code   RO         1875    i.run_self_test     inv_mpu.o
    0x08008532   0x08008532   0x00000002   PAD
    0x08008534   0x08008534   0x00000090   Code   RO         1876    i.set_int_enable    inv_mpu.o
    0x080085c4   0x080085c4   0x000000b0   Code   RO         1415    i.slopelimitx       common.o
    0x08008674   0x08008674   0x000000b0   Code   RO         1416    i.slopelimity       common.o
    0x08008724   0x08008724   0x0000006e   Code   RO         8748    i.sqrt              m_wm.l(sqrt.o)
    0x08008792   0x08008792   0x00000002   PAD
    0x08008794   0x08008794   0x000000dc   Code   RO          461    i.sys_stm32_clock_init  sys.o
    0x08008870   0x08008870   0x00000058   Code   RO         1467    i.tcurrentpro_init  overcurrent_protection.o
    0x080088c8   0x080088c8   0x00000038   Code   RO          535    i.usart_init        usart.o
    0x08008900   0x08008900   0x00001088   Code   RO         1143    i.velocity_plan     underpancontrol.o
    0x08009988   0x08009988   0x00000018   Data   RO          376    .constdata          system_stm32f4xx.o
    0x080099a0   0x080099a0   0x00000050   Data   RO         1878    .constdata          inv_mpu.o
    0x080099f0   0x080099f0   0x00000bf6   Data   RO         2207    .constdata          inv_mpu_dmp_motion_driver.o
    0x0800a5e6   0x0800a5e6   0x00000008   Data   RO         3760    .constdata          stm32f4xx_hal_dma.o
    0x0800a5ee   0x0800a5ee   0x00000002   PAD
    0x0800a5f0   0x0800a5f0   0x00000050   Data   RO         8390    .constdata          m_wm.l(asin.o)
    0x0800a640   0x0800a640   0x00000098   Data   RO         8716    .constdata          m_wm.l(atan.o)
    0x0800a6d8   0x0800a6d8   0x00000008   Data   RO         8745    .constdata          m_wm.l(qnan.o)
    0x0800a6e0   0x0800a6e0   0x0000004d   Data   RO         1879    .conststring        inv_mpu.o
    0x0800a72d   0x0800a72d   0x00000003   PAD
    0x0800a730   0x0800a730   0x00000020   Data   RO         8800    Region$$Table       anon$$obj.o


    Execution Region RW_IRAM1 (Exec base: 0x20000000, Load base: 0x0800a750, Size: 0x00000be0, Max: 0x00020000, ABSOLUTE)

    Exec Addr    Load Addr    Size         Type   Attr      Idx    E Section Name        Object

    0x20000000   0x0800a750   0x00000004   Data   RW          377    .data               system_stm32f4xx.o
    0x20000004   0x0800a754   0x00000004   Data   RW          415    .data               delay.o
    0x20000008   0x0800a758   0x00000007   Data   RW          537    .data               usart.o
    0x2000000f   0x0800a75f   0x00000001   PAD
    0x20000010   0x0800a760   0x00000008   Data   RW          721    .data               led.o
    0x20000018   0x0800a768   0x00000002   Data   RW          762    .data               adc.o
    0x2000001a   0x0800a76a   0x00000002   Data   RW         1145    .data               underpancontrol.o
    0x2000001c   0x0800a76c   0x00000049   Data   RW         1312    .data               api_schedule.o
    0x20000065   0x0800a7b5   0x00000003   PAD
    0x20000068   0x0800a7b8   0x0000001c   Data   RW         1354    .data               task.o
    0x20000084   0x0800a7d4   0x0000000d   Data   RW         1417    .data               common.o
    0x20000091   0x0800a7e1   0x00000003   PAD
    0x20000094   0x0800a7e4   0x00000004   Data   RW         1501    .data               hallcap.o
    0x20000098   0x0800a7e8   0x00000035   Data   RW         1880    .data               inv_mpu.o
    0x200000cd   0x0800a81d   0x00000003   PAD
    0x200000d0   0x0800a820   0x00000009   Data   RW         2399    .data               stm32f4xx_hal.o
    0x200000d9   0x0800a829   0x00000003   PAD
    0x200000dc   0x0800a82c   0x00000004   Data   RW         8783    .data               mc_w.l(errno.o)
    0x200000e0        -       0x0000010c   Zero   RW          536    .bss                usart.o
    0x200001ec        -       0x00000150   Zero   RW          761    .bss                adc.o
    0x2000033c   0x0800a830   0x00000004   PAD
    0x20000340        -       0x00000070   Zero   RW         1144    .bss                underpancontrol.o
    0x200003b0        -       0x000001b0   Zero   RW         1185    .bss                moterdriver.o
    0x20000560        -       0x00000048   Zero   RW         1269    .bss                btim.o
    0x200005a8        -       0x00000010   Zero   RW         1353    .bss                task.o
    0x200005b8        -       0x00000048   Zero   RW         1500    .bss                hallcap.o
    0x20000600        -       0x000001d0   Zero   RW         1609    .bss                getadcdata.o
    0x200007d0        -       0x00000010   Zero   RW         2206    .bss                inv_mpu_dmp_motion_driver.o
    0x200007e0        -       0x00000400   Zero   RW            1    STACK               startup_stm32f407xx.o


==============================================================================

Image component sizes


      Code (inc. data)   RO Data    RW Data    ZI Data      Debug   Object Name

      1350        126          0          2        336       6620   adc.o
       172         18          0         73          0       2040   api_schedule.o
        88          8          0          0          0        896   beep.o
       152         10          0          0          0        981   brake.o
       160         32          0          0         72       2919   btim.o
       462         16          0         13          0       2916   common.o
       102         10          0          4          0       1947   delay.o
       692         72          0          0        464       5647   getadcdata.o
        44         10          0          4         72        798   hallcap.o
      6934        320        157         53          0      32188   inv_mpu.o
      3128        138       3062          0         16      21258   inv_mpu_dmp_motion_driver.o
       656         44          0          0          0       4724   key.o
       744         46          0          8          0       2200   led.o
        14          0          0          0          0     705207   main.o
      1396         98          0          0        432       6815   moterdriver.o
       608          0          0          0          0       6495   mpu6050.o
       712        114          0          0          0       4958   myiic.o
       328         22          0          0          0       1778   overcurrent_protection.o
        36          8        392          0       1024        964   startup_stm32f407xx.o
       172         34          0          9          0       9344   stm32f4xx_hal.o
      1462         66          0          0          0       8031   stm32f4xx_hal_adc.o
       304         22          0          0          0      34519   stm32f4xx_hal_cortex.o
       960         10          8          0          0       6865   stm32f4xx_hal_dma.o
       564         46          0          0          0       3468   stm32f4xx_hal_gpio.o
         2          0          0          0          0        538   stm32f4xx_hal_msp_template.o
      1820         84          0          0          0       5676   stm32f4xx_hal_rcc.o
      1996        142          0          0          0      12154   stm32f4xx_hal_tim.o
         4          0          0          0          0       1593   stm32f4xx_hal_tim_ex.o
      1796         16          0          0          0       9896   stm32f4xx_hal_uart.o
        32          0          0          0          0       4214   stm32f4xx_it.o
       220         12          0          0          0       1351   sys.o
        20          6         24          4          0       1363   system_stm32f4xx.o
      1194         94          0         28         16       4973   task.o
      4232        252          0          2        112       2367   underpancontrol.o
       456         58          0          7        268       5117   usart.o

    ----------------------------------------------------------------------
     33052       1938       3680        220       2816     922820   Object Totals
         0          0         32          0          0          0   (incl. Generated)
        40          4          5         13          4          0   (incl. Padding)

    ----------------------------------------------------------------------

      Code (inc. data)   RO Data    RW Data    ZI Data      Debug   Library Member Name

       864         94         80          0          0        280   asin.o
       744        106        152          0          0        352   atan.o
       496         64          0          0          0        192   atan2.o
       104         16          0          0          0        496   dunder.o
        44          0          0          0          0        248   fabs.o
        48          0          0          0          0        124   fpclassify.o
       248          0          0          0          0        152   poly.o
         0          0          8          0          0          0   qnan.o
       110          0          0          0          0        148   sqrt.o
         0          0          0          0          0          0   entry.o
         0          0          0          0          0          0   entry10a.o
         0          0          0          0          0          0   entry11a.o
         8          4          0          0          0          0   entry2.o
         4          0          0          0          0          0   entry5.o
         0          0          0          0          0          0   entry7b.o
         0          0          0          0          0          0   entry8b.o
         8          4          0          0          0          0   entry9a.o
        12          6          0          4          0         68   errno.o
        30          0          0          0          0          0   handlers.o
        36          8          0          0          0         68   init.o
         0          0          0          0          0          0   iusefp.o
        98          0          0          0          0         84   ldiv.o
        30          0          0          0          0         68   llshl.o
        36          0          0          0          0         68   llsshr.o
        32          0          0          0          0         68   llushr.o
        26          0          0          0          0         80   memcmp.o
        36          0          0          0          0        108   memseta.o
      1154         54          0          0          0        352   printf8.o
        98          0          0          0          0         92   uldiv.o
        48          0          0          0          0         68   cdcmple.o
        48          0          0          0          0         68   cdrcmple.o
        56          0          0          0          0         88   d2f.o
       334          0          0          0          0        148   dadd.o
       222          0          0          0          0        100   ddiv.o
       186          0          0          0          0        176   depilogue.o
        62          0          0          0          0         80   dfixi.o
        50          0          0          0          0         76   dfixui.o
        34          0          0          0          0         76   dflti.o
       228          0          0          0          0         96   dmul.o
       162          0          0          0          0        100   dsqrt.o
        38          0          0          0          0         68   f2d.o
       110          0          0          0          0        168   fepilogue.o

    ----------------------------------------------------------------------
      5860        356        240          4          0       4360   Library Totals
        16          0          0          0          0          0   (incl. Padding)

    ----------------------------------------------------------------------

      Code (inc. data)   RO Data    RW Data    ZI Data      Debug   Library Name

      2658        280        240          0          0       1992   m_wm.l
      1608         76          0          4          0       1056   mc_w.l
      1578          0          0          0          0       1312   mf_w.l

    ----------------------------------------------------------------------
      5860        356        240          4          0       4360   Library Totals

    ----------------------------------------------------------------------

==============================================================================


      Code (inc. data)   RO Data    RW Data    ZI Data      Debug   

     38912       2294       3920        224       2816     903888   Grand Totals
     38912       2294       3920        224       2816     903888   ELF Image Totals
     38912       2294       3920        224          0          0   ROM Totals

==============================================================================

    Total RO  Size (Code + RO Data)                42832 (  41.83kB)
    Total RW  Size (RW Data + ZI Data)              3040 (   2.97kB)
    Total ROM Size (Code + RO Data + RW Data)      43056 (  42.05kB)

==============================================================================

